   Compiling target-lexicon v0.12.16
   Compiling once_cell v1.21.4
   Compiling autocfg v1.5.1
   Compiling proc-macro2 v1.0.106
   Compiling unicode-ident v1.0.24
   Compiling quote v1.0.46
   Compiling libc v0.2.186
   Compiling heck v0.5.0
   Compiling indoc v2.0.7
   Compiling unindent v0.2.4
   Compiling cfg-if v1.0.4
   Compiling num-traits v0.2.19
   Compiling memoffset v0.9.1
   Compiling pyo3-build-config v0.23.5
   Compiling num-complex v0.4.6
   Compiling syn v2.0.119
   Compiling pyo3-macros-backend v0.23.5
   Compiling pyo3-ffi v0.23.5
   Compiling pyo3 v0.23.5
   Compiling pyo3-macros v0.23.5
   Compiling guala_core v0.1.0 (/workspaces/Tao_Financial_Engine/backups/runtime/a1-freeze-20261010/native-audit)
warning: unused import: `BODY_AXIS_COUNT`
    --> src/virtual_articulatory_body.rs:1178:50
     |
1178 |         BodyEffectorDrive, BodyEffectorTerminal, BODY_AXIS_COUNT,
     |                                                  ^^^^^^^^^^^^^^^
     |
     = note: `#[warn(unused_imports)]` (part of `#[warn(unused)]`) on by default

warning: unused variable: `py`
   --> src/ternary_lattice.rs:432:44
    |
432 |     pub fn compute_node_excitations(&self, py: Python<'_>, state: Vec<i8>) -> PyResult<Vec<f32>> {
    |                                            ^^ help: if this is intentional, prefix it with an underscore: `_py`
    |
    = note: `#[warn(unused_variables)]` (part of `#[warn(unused)]`) on by default

warning: value assigned to `acoustic` is never read
   --> src/virtual_articulatory_body.rs:489:9
    |
489 |         acoustic = settled.successor_body.articulatory_acoustic_state();
    |         ^^^^^^^^^^^^^^^^^^^^^^^^^^^^^^^^^^^^^^^^^^^^^^^^^^^^^^^^^^^^^^^
    |
    = help: maybe it is overwritten before being read?
    = note: `#[warn(unused_assignments)]` (part of `#[warn(unused)]`) on by default

warning: method `within_one_carrier_error` is never used
  --> src/exact_carrier.rs:64:12
   |
49 | impl Remainder {
   | -------------- method in this implementation
...
64 |     pub fn within_one_carrier_error(&self, other: &Self, tolerance: f64) -> Result<bool, String> {
   |            ^^^^^^^^^^^^^^^^^^^^^^^^
   |
   = note: `#[warn(dead_code)]` (part of `#[warn(unused)]`) on by default

warning: associated items `axis`, `direction`, `from_ordinals`, `paired_effector`, and `opposing_effector` are never used
   --> src/virtual_articulated_body.rs:376:19
    |
371 | impl BodyProprioceptorTerminal {
    | ------------------------------ associated items in this implementation
...
376 |     pub(crate) fn axis(self) -> BodyAxis {
    |                   ^^^^
...
380 |     pub(crate) fn direction(self) -> BodyEffectorDirection {
    |                   ^^^^^^^^^
...
388 |     pub(crate) fn from_ordinals(axis: u8, direction: u8) -> Option<Self> {
    |                   ^^^^^^^^^^^^^
...
398 |     pub(crate) fn paired_effector(self) -> BodyEffectorTerminal {
    |                   ^^^^^^^^^^^^^^^
...
423 |     pub(crate) fn opposing_effector(self) -> BodyEffectorTerminal {
    |                   ^^^^^^^^^^^^^^^^^

warning: methods `is_vocal_articulator` and `is_caregiver_guidable` are never used
   --> src/virtual_articulated_body.rs:562:19
    |
549 | impl BodyAxis {
    | ------------- methods in this implementation
...
562 |     pub(crate) fn is_vocal_articulator(self) -> bool {
    |                   ^^^^^^^^^^^^^^^^^^^^
...
586 |     pub(crate) fn is_caregiver_guidable(self) -> bool {
    |                   ^^^^^^^^^^^^^^^^^^^^^

warning: method `requiring_proprioceptive_observation` is never used
    --> src/virtual_articulated_body.rs:1359:19
     |
1235 | impl ArticulatedBodyState {
     | ------------------------- method in this implementation
...
1359 |     pub(crate) fn requiring_proprioceptive_observation(mut self) -> Self {
     |                   ^^^^^^^^^^^^^^^^^^^^^^^^^^^^^^^^^^^^

warning: field `0` is never read
  --> src/articulated_body_boundary.rs:41:10
   |
41 |     Body(ArticulatedBodyError),
   |     ---- ^^^^^^^^^^^^^^^^^^^^
   |     |
   |     field in this variant
   |
   = note: `BodyPressureIntervalError` has a derived impl for the trait `Debug`, but this is intentionally ignored during dead code analysis
help: consider changing the field to be of unit type to suppress this warning while preserving the field numbering, or remove the field
   |
41 -     Body(ArticulatedBodyError),
41 +     Body(()),
   |

warning: function `has_passive_body_motion` is never used
  --> src/passive_body_source.rs:45:15
   |
45 | pub(crate) fn has_passive_body_motion(body: &ArticulatedBodyState) -> bool {
   |               ^^^^^^^^^^^^^^^^^^^^^^^

warning: function `can_skip_ordinary_articulatory_interval` is never used
  --> src/passive_body_source.rs:51:15
   |
51 | pub(crate) fn can_skip_ordinary_articulatory_interval(
   |               ^^^^^^^^^^^^^^^^^^^^^^^^^^^^^^^^^^^^^^^

warning: constant `FOLD_COLLISION_LIMIT` is never used
   --> src/virtual_articulatory_body.rs:108:7
    |
108 | const FOLD_COLLISION_LIMIT: i64 = 3_072;
    |       ^^^^^^^^^^^^^^^^^^^^

warning: method `force_trial_context` is never used
  --> src/functional64_material.rs:69:8
   |
66 | impl MaterialError{
   | ------------------ method in this implementation
...
69 |     fn force_trial_context(mut self,stage:&'static str,span:u64,depth:usize,entry:u64,last_rejection:Option<RefinementRejection>)->S...
   |        ^^^^^^^^^^^^^^^^^^^

warning: function `elapsed` is never used
  --> src/functional64_material.rs:98:4
   |
98 | fn elapsed(a:ExactTime,b:ExactTime)->Result<f64>{let(n,d)=positive_duration(a,b)?;finite(n as f64/d as f64)}
   |    ^^^^^^^

warning: field `lambda` is never read
   --> src/functional64_material.rs:464:67
    |
464 | #[derive(Clone,Copy)]struct ActiveEdge{contact:Contact,weight:f64,lambda:f64}
    |                             ---------- field in this struct       ^^^^^^
    |
    = note: `ActiveEdge` has a derived impl for the trait `Clone`, but this is intentionally ignored during dead code analysis

warning: associated function `from_complete` is never used
    --> src/functional64_material.rs:1142:8
     |
1141 | impl ComparisonStep{
     | ------------------- associated function in this implementation
1142 |     fn from_complete(step:TrialStep)->Self{
     |        ^^^^^^^^^^^^^

warning: struct `MaterialWorkState` is never constructed
    --> src/functional64_material.rs:1700:19
     |
1700 | pub(crate) struct MaterialWorkState{pub(crate) reserve_ug:u64,pub(crate) work_units:[u64;19]}
     |                   ^^^^^^^^^^^^^^^^^

warning: fields `raw_coordinates`, `exact_current`, and `reserve_and_work` are never read
    --> src/functional64_material.rs:1703:43
     |
1702 | pub(crate) struct SourceObservationEvidence{
     |                   ------------------------- fields in this struct
1703 |     pub(crate) bytes:Arc<[u8]>,pub(crate) raw_coordinates:std::ops::Range<usize>,
     |                                           ^^^^^^^^^^^^^^^
1704 |     pub(crate) exact_current:std::ops::Range<usize>,pub(crate) reserve_and_work:std::ops::Range<usize>,
     |                ^^^^^^^^^^^^^                                   ^^^^^^^^^^^^^^^^

warning: methods `work_state` and `source_observation_evidence` are never used
    --> src/functional64_material.rs:1712:19
     |
1711 | impl Functional64Material{
     | ------------------------- methods in this implementation
1712 |     pub(crate) fn work_state(&self)->MaterialWorkState{MaterialWorkState{reserve_ug:self.reserve_ug,work_units:self.work.limbs}}
     |                   ^^^^^^^^^^
...
1745 |     pub(crate) fn source_observation_evidence(&self,limit:usize)->Result<SourceObservationEvidence>{
     |                   ^^^^^^^^^^^^^^^^^^^^^^^^^^^

warning: method `evidence` is never used
   --> src/exact_carrier.rs:170:12
    |
 49 | impl Remainder {
    | -------------- method in this implementation
...
170 |     pub fn evidence(&self) -> (bool, Vec<u64>, Vec<u64>) {
    |            ^^^^^^^^

warning: method `mounted_count` is never used
  --> src/functional64_geometry.rs:95:19
   |
21 | impl Geometry{
   | ------------- method in this implementation
...
95 |     pub(crate) fn mounted_count(&self)->usize{self.mounted_count}
   |                   ^^^^^^^^^^^^^

warning: struct `Moment` is never constructed
 --> src/functional64_contact_predecessor.rs:5:8
  |
5 | struct Moment{weight:f64,mean:f64,m2:f64,w:Interval,s:Interval,s2:Interval}
  |        ^^^^^^

warning: associated items `empty`, `leaf`, and `merge` are never used
  --> src/functional64_contact_predecessor.rs:7:8
   |
 6 | impl Moment{
   | ----------- associated items in this implementation
 7 |     fn empty()->Self{Self{weight:0.0,mean:0.0,m2:0.0,w:Interval::point(0.0),s:Interval::point(0.0),s2:Interval::point(0.0)}}
   |        ^^^^^
 8 |     fn leaf(x:f64,weight:f64)->Result<Self>{
   |        ^^^^
...
14 |     fn merge(self,b:Self,count:&mut WorkCount,admission:Admission)->Result<Self>{
   |        ^^^^^

warning: struct `Tree` is never constructed
  --> src/functional64_contact_predecessor.rs:24:24
   |
24 | #[derive(Clone)]struct Tree{width:usize,nodes:Vec<Moment>}
   |                        ^^^^

warning: associated items `new` and `query` are never used
  --> src/functional64_contact_predecessor.rs:26:8
   |
25 | impl Tree{
   | --------- associated items in this implementation
26 |     fn new(values:&[f64],weights:&[f64],count:&mut WorkCount,admission:Admission)->Result<Self>{
   |        ^^^
...
33 |     fn query(&self,bits:[u64;2],count:&mut WorkCount,admission:Admission)->Result<Moment>{
   |        ^^^^^

warning: methods `residue_without_self` and `baseline_summaries` are never used
  --> src/functional64_contact_predecessor.rs:58:8
   |
57 | impl Tree{
   | --------- methods in this implementation
58 |     fn residue_without_self(&self,count:&mut WorkCount,a:Admission)->Result<Vec<Moment>>{
   |        ^^^^^^^^^^^^^^^^^^^^
...
72 |     fn baseline_summaries(&self,count:&mut WorkCount,a:Admission)->Result<Vec<Moment>>{
   |        ^^^^^^^^^^^^^^^^^^

warning: struct `PairTrees` is never constructed
  --> src/functional64_contact_predecessor.rs:79:8
   |
79 | struct PairTrees{send:Tree,send_masks:Vec<Moment>,receive:Option<(Tree,Vec<Moment>)>}
   |        ^^^^^^^^^

warning: associated items `new` and `masked` are never used
  --> src/functional64_contact_predecessor.rs:81:8
   |
80 | impl PairTrees{
   | -------------- associated items in this implementation
81 |     fn new(send:Tree,receive:Option<Tree>,count:&mut WorkCount,a:Admission)->Result<Self>{
   |        ^^^
...
86 |     fn masked(&self,send:bool,local:usize,holes:[u64;2],count:&mut WorkCount,a:Admission)->Result<Moment>{
   |        ^^^^^^

warning: struct `Workspace` is never constructed
  --> src/functional64_contact_predecessor.rs:94:8
   |
94 | struct Workspace{columns:Vec<Option<PairTrees>>}
   |        ^^^^^^^^^

warning: function `layer` is never used
  --> src/functional64_contact_predecessor.rs:95:4
   |
95 | fn layer(node:usize)->Option<(usize,usize,usize)>{let i=node%320;
   |    ^^^^^

warning: function `width` is never used
  --> src/functional64_contact_predecessor.rs:97:4
   |
97 | fn width(kind:usize)->usize{if kind==0{128}else{64}}
   |    ^^^^^

warning: function `pair` is never used
  --> src/functional64_contact_predecessor.rs:98:4
   |
98 | fn pair(v:&LocalVector,f:&Frontier,s:&Functional64Material,node:usize)->PhasePair{f.pair(v,s,node)}
   |    ^^^^

warning: function `valid` is never used
  --> src/functional64_contact_predecessor.rs:99:4
   |
99 | fn valid(i:Interval)->Result<Interval>{if !i.lo.is_finite()||!i.hi.is_finite()||i.lo>i.hi{Err(MaterialError::UnresolvedEvent("contac...
   |    ^^^^^

warning: function `square` is never used
   --> src/functional64_contact_predecessor.rs:100:4
    |
100 | fn square(i:Interval)->Interval{
    |    ^^^^^^

warning: function `discrepancy` is never used
   --> src/functional64_contact_predecessor.rs:104:4
    |
104 | fn discrepancy(value:f64,bound:Interval)->Result<f64>{valid(bound)?;finite(up((value-bound.lo).abs().max((bound.hi-value).abs())))}
    |    ^^^^^^^^^^^

warning: associated function `new` is never used
   --> src/functional64_contact_predecessor.rs:106:8
    |
105 | impl Workspace{
    | -------------- associated function in this implementation
106 |     fn new(s:&Functional64Material,f:&Frontier,a:&LocalVector,b:&LocalVector,need_receive:bool,count:&mut WorkCount,admission:Admis...
    |        ^^^

warning: struct `Holes` is never constructed
   --> src/functional64_contact_predecessor.rs:120:8
    |
120 | struct Holes{incoming:[[u64;2];64],outgoing:[[u64;2];64],zero_incoming:u32}
    |        ^^^^^

warning: associated function `new` is never used
   --> src/functional64_contact_predecessor.rs:122:8
    |
121 | impl Holes{
    | ---------- associated function in this implementation
122 |     fn new(s:&Functional64Material,node:usize,count:&mut WorkCount,admission:Admission)->Result<Self>{
    |        ^^^

warning: struct `Energy` is never constructed
   --> src/functional64_contact_predecessor.rs:134:46
    |
134 | #[derive(Clone,Copy,Debug)]pub(super) struct Energy{pub(super)value:f64,pub(super)range:Interval}
    |                                              ^^^^^^

warning: associated items `zero` and `add` are never used
   --> src/functional64_contact_predecessor.rs:136:8
    |
135 | impl Energy{
    | ----------- associated items in this implementation
136 |     fn zero()->Self{Self{value:0.0,range:Interval::point(0.0)}}
    |        ^^^^
137 |     fn add(&mut self,value:f64,range:Interval)->Result<()>{nonnegative(value)?;valid(range)?;
    |        ^^^

warning: struct `Forces` is never constructed
   --> src/functional64_contact_predecessor.rs:140:19
    |
140 | pub(super) struct Forces{pub(super)nodes:Vec<PhasePair>,pub(super)ranges:Vec<[Interval;2]>}
    |                   ^^^^^^

warning: associated items `new` and `add` are never used
   --> src/functional64_contact_predecessor.rs:142:8
    |
141 | impl Forces{
    | ----------- associated items in this implementation
142 |     fn new(n:usize)->Self{Self{nodes:vec![PhasePair::default();n],ranges:vec![[Interval::point(0.0);2];n]}}
    |        ^^^
143 |     fn add(&mut self,index:usize,send:bool,value:f64,range:Interval)->Result<()>{
    |        ^^^

warning: function `gain` is never used
   --> src/functional64_contact_predecessor.rs:149:4
    |
149 | fn gain(s:&Functional64Material,e:Contact)->Result<f64>{finite(s.anatomy.geometry.baseline(e)+*s.weights.get(e.authentic_slot as us...
    |    ^^^^

warning: function `direct_force` is never used
   --> src/functional64_contact_predecessor.rs:150:4
    |
150 | fn direct_force(s:&Functional64Material,f:&Frontier,a:&LocalVector,b:&LocalVector,e:Contact,out:&mut Forces,count:&mut WorkCount,ad...
    |    ^^^^^^^^^^^^

warning: function `direct_energy` is never used
   --> src/functional64_contact_predecessor.rs:161:4
    |
161 | fn direct_energy(s:&Functional64Material,f:&Frontier,v:&LocalVector,e:Contact)->Result<(f64,Interval)>{
    |    ^^^^^^^^^^^^^

warning: function `baseline_masks` is never used
   --> src/functional64_contact_predecessor.rs:167:4
    |
167 | fn baseline_masks(local:usize,n:usize,holes:[u64;2])->Result<([u64;2],[u64;2])>{
    |    ^^^^^^^^^^^^^^

warning: function `query` is never used
   --> src/functional64_contact_predecessor.rs:174:4
    |
174 | fn query(tree:&Tree,masks:([u64;2],[u64;2]),count:&mut WorkCount,admission:Admission)->Result<Moment>{
    |    ^^^^^

warning: function `not_empty` is never used
   --> src/functional64_contact_predecessor.rs:177:4
    |
177 | fn not_empty(masks:([u64;2],[u64;2]))->bool{masks.0.iter().chain(masks.1.iter()).any(|&x|x!=0)}
    |    ^^^^^^^^^

warning: function `scratch_bytes` is never used
   --> src/functional64_contact_predecessor.rs:178:15
    |
178 | pub(super) fn scratch_bytes()->Result<usize>{
    |               ^^^^^^^^^^^^^

warning: function `skeleton` is never used
   --> src/functional64_contact_predecessor.rs:190:4
    |
190 | fn skeleton(s:&Functional64Material,f:&Frontier,count:&mut WorkCount,a:Admission)->Result<Vec<Contact>>{
    |    ^^^^^^^^

warning: function `forces` is never used
   --> src/functional64_contact_predecessor.rs:201:15
    |
201 | pub(super) fn forces(s:&Functional64Material,f:&Frontier,a:&LocalVector,b:&LocalVector,count:&mut WorkCount,admission:Admission)->R...
    |               ^^^^^^

warning: function `energy` is never used
   --> src/functional64_contact_predecessor.rs:229:15
    |
229 | pub(super) fn energy(s:&Functional64Material,f:&Frontier,v:&LocalVector,new_contacts:&[(usize,f64)],count:&mut WorkCount,admission:...
    |               ^^^^^^

warning: function `error` is never used
   --> src/functional64_contact_predecessor.rs:251:15
    |
251 | pub(super) fn error(value:f64,bound:Interval)->Result<f64>{discrepancy(value,bound)}
    |               ^^^^^

warning: field `0` is never read
  --> src/functional64_owner.rs:25:13
   |
25 |     Invalid(&'static str), Capacity(&'static str), Arithmetic(&'static str),
   |     ------- ^^^^^^^^^^^^
   |     |
   |     field in this variant
   |
   = note: `OwnerError` has a derived impl for the trait `Debug`, but this is intentionally ignored during dead code analysis
help: consider changing the field to be of unit type to suppress this warning while preserving the field numbering, or remove the field
   |
25 -     Invalid(&'static str), Capacity(&'static str), Arithmetic(&'static str),
25 +     Invalid(()), Capacity(&'static str), Arithmetic(&'static str),
   |

warning: field `0` is never read
  --> src/functional64_owner.rs:25:37
   |
25 |     Invalid(&'static str), Capacity(&'static str), Arithmetic(&'static str),
   |                            -------- ^^^^^^^^^^^^
   |                            |
   |                            field in this variant
   |
   = note: `OwnerError` has a derived impl for the trait `Debug`, but this is intentionally ignored during dead code analysis
help: consider changing the field to be of unit type to suppress this warning while preserving the field numbering, or remove the field
   |
25 -     Invalid(&'static str), Capacity(&'static str), Arithmetic(&'static str),
25 +     Invalid(&'static str), Capacity(()), Arithmetic(&'static str),
   |

warning: field `0` is never read
  --> src/functional64_owner.rs:25:63
   |
25 |     Invalid(&'static str), Capacity(&'static str), Arithmetic(&'static str),
   |                                                    ---------- ^^^^^^^^^^^^
   |                                                    |
   |                                                    field in this variant
   |
   = note: `OwnerError` has a derived impl for the trait `Debug`, but this is intentionally ignored during dead code analysis
help: consider changing the field to be of unit type to suppress this warning while preserving the field numbering, or remove the field
   |
25 -     Invalid(&'static str), Capacity(&'static str), Arithmetic(&'static str),
25 +     Invalid(&'static str), Capacity(&'static str), Arithmetic(()),
   |

warning: field `0` is never read
  --> src/functional64_owner.rs:27:14
   |
27 |     Material(MaterialError), Source(UfError), Body(ArticulatedBodyError), Pressure(ArticulatoryBodyError),
   |     -------- ^^^^^^^^^^^^^
   |     |
   |     field in this variant
   |
   = note: `OwnerError` has a derived impl for the trait `Debug`, but this is intentionally ignored during dead code analysis
help: consider changing the field to be of unit type to suppress this warning while preserving the field numbering, or remove the field
   |
27 -     Material(MaterialError), Source(UfError), Body(ArticulatedBodyError), Pressure(ArticulatoryBodyError),
27 +     Material(()), Source(UfError), Body(ArticulatedBodyError), Pressure(ArticulatoryBodyError),
   |

warning: field `0` is never read
  --> src/functional64_owner.rs:27:37
   |
27 |     Material(MaterialError), Source(UfError), Body(ArticulatedBodyError), Pressure(ArticulatoryBodyError),
   |                              ------ ^^^^^^^
   |                              |
   |                              field in this variant
   |
   = note: `OwnerError` has a derived impl for the trait `Debug`, but this is intentionally ignored during dead code analysis
help: consider changing the field to be of unit type to suppress this warning while preserving the field numbering, or remove the field
   |
27 -     Material(MaterialError), Source(UfError), Body(ArticulatedBodyError), Pressure(ArticulatoryBodyError),
27 +     Material(MaterialError), Source(()), Body(ArticulatedBodyError), Pressure(ArticulatoryBodyError),
   |

warning: field `0` is never read
  --> src/functional64_owner.rs:27:52
   |
27 |     Material(MaterialError), Source(UfError), Body(ArticulatedBodyError), Pressure(ArticulatoryBodyError),
   |                                               ---- ^^^^^^^^^^^^^^^^^^^^
   |                                               |
   |                                               field in this variant
   |
   = note: `OwnerError` has a derived impl for the trait `Debug`, but this is intentionally ignored during dead code analysis
help: consider changing the field to be of unit type to suppress this warning while preserving the field numbering, or remove the field
   |
27 -     Material(MaterialError), Source(UfError), Body(ArticulatedBodyError), Pressure(ArticulatoryBodyError),
27 +     Material(MaterialError), Source(UfError), Body(()), Pressure(ArticulatoryBodyError),
   |

warning: field `0` is never read
  --> src/functional64_owner.rs:27:84
   |
27 |     Material(MaterialError), Source(UfError), Body(ArticulatedBodyError), Pressure(ArticulatoryBodyError),
   |                                                                           -------- ^^^^^^^^^^^^^^^^^^^^^
   |                                                                           |
   |                                                                           field in this variant
   |
   = note: `OwnerError` has a derived impl for the trait `Debug`, but this is intentionally ignored during dead code analysis
help: consider changing the field to be of unit type to suppress this warning while preserving the field numbering, or remove the field
   |
27 -     Material(MaterialError), Source(UfError), Body(ArticulatedBodyError), Pressure(ArticulatoryBodyError),
27 +     Material(MaterialError), Source(UfError), Body(ArticulatedBodyError), Pressure(()),
   |

warning: `guala_core` (lib test) generated 59 warnings (run `cargo fix --lib -p guala_core --tests` to apply 2 suggestions)
    Finished `test` profile [unoptimized + debuginfo] target(s) in 15.33s
     Running unittests src/lib.rs (/tmp/a1-freeze-native-target/debug/deps/guala_core-1724d6ea64fcfe10)

running 0 tests

test result: ok. 0 passed; 0 failed; 0 ignored; 0 measured; 236 filtered out; finished in 0.00s

