\BOOKMARK [1][-]{Doc-Start}{\376\377\000E\000x\000e\000c\000u\000t\000i\000v\000e\000\040\000S\000u\000m\000m\000a\000r\000y}{}% 1
\BOOKMARK [0][-]{part.1}{\376\377\000I\000\040\000T\000h\000e\000o\000r\000e\000t\000i\000c\000a\000l\000\040\000F\000o\000u\000n\000d\000a\000t\000i\000o\000n\000\040\000\050\000U\000F\000C\000P\000\051}{}% 2
\BOOKMARK [1][-]{section.1}{\376\377\000S\000c\000o\000p\000e}{part.1}% 3
\BOOKMARK [1][-]{section.2}{\376\377\000T\000h\000e\000\040\000C\000o\000h\000e\000r\000e\000n\000c\000e\000\040\000F\000i\000e\000l\000d}{part.1}% 4
\BOOKMARK [2][-]{subsection.2.1}{\376\377\000E\000q\000u\000a\000t\000i\000o\000n\000\040\000o\000f\000\040\000M\000o\000t\000i\000o\000n}{section.2}% 5
\BOOKMARK [2][-]{subsection.2.2}{\376\377\000C\000o\000n\000s\000e\000r\000v\000e\000d\000\040\000C\000u\000r\000r\000e\000n\000t\000s}{section.2}% 6
\BOOKMARK [2][-]{subsection.2.3}{\376\377\000C\000o\000r\000r\000e\000s\000p\000o\000n\000d\000e\000n\000c\000e\000\040\000L\000i\000m\000i\000t\000s}{section.2}% 7
\BOOKMARK [1][-]{section.3}{\376\377\000T\000h\000e\000\040\000G\000e\000o\000m\000e\000t\000r\000i\000c\000\040\000C\000o\000u\000p\000l\000i\000n\000g\000\040\000L\000a\000w}{part.1}% 8
\BOOKMARK [1][-]{section.4}{\376\377\000T\000h\000e\000\040\000S\000o\000l\000i\000t\000o\000n\000\040\000O\000n\000t\000o\000l\000o\000g\000y}{part.1}% 9
\BOOKMARK [1][-]{section.5}{\376\377\000C\000o\000n\000n\000e\000c\000t\000e\000d\000\040\000C\000o\000n\000s\000t\000a\000n\000t\000s}{part.1}% 10
\BOOKMARK [0][-]{part.2}{\376\377\000I\000I\000\040\000C\000F\000F\000\040\000A\000x\000i\000o\000m\000\040\000S\000e\000t}{}% 11
\BOOKMARK [1][-]{section.6}{\376\377\000S\000c\000o\000p\000e}{part.2}% 12
\BOOKMARK [1][-]{section.7}{\376\377\000A\000x\000i\000o\000m\000\040\000D\000e\000f\000i\000n\000i\000t\000i\000o\000n\000s}{part.2}% 13
\BOOKMARK [1][-]{section.8}{\376\377\000A\000x\000i\000o\000m\000\040\000S\000u\000m\000m\000a\000r\000y}{part.2}% 14
\BOOKMARK [0][-]{part.3}{\376\377\000I\000I\000I\000\040\000C\000o\000m\000p\000u\000t\000a\000t\000i\000o\000n\000a\000l\000\040\000K\000e\000r\000n\000e\000l\000\040\000\050\000L\0000\040\023\000L\0004\000\051}{}% 15
\BOOKMARK [1][-]{section.9}{\376\377\000S\000c\000o\000p\000e}{part.3}% 16
\BOOKMARK [1][-]{section.10}{\376\377\000L\000a\000y\000e\000r\000\040\000A\000r\000c\000h\000i\000t\000e\000c\000t\000u\000r\000e}{part.3}% 17
\BOOKMARK [1][-]{section.11}{\376\377\000D\000S\000F\000\040\0007\000-\000T\000u\000p\000l\000e\000\040\000\050\000L\0004\000\040\000O\000u\000t\000p\000u\000t\000\051}{part.3}% 18
\BOOKMARK [1][-]{section.12}{\376\377\000D\000o\000m\000a\000i\000n\000-\000A\000g\000n\000o\000s\000t\000i\000c\000\040\000P\000r\000o\000p\000e\000r\000t\000y}{part.3}% 19
\BOOKMARK [1][-]{section.13}{\376\377\000U\000n\000i\000v\000e\000r\000s\000a\000l\000\040\000U\000n\000c\000e\000r\000t\000a\000i\000n\000t\000y\000\040\000C\000e\000i\000l\000i\000n\000g}{part.3}% 20
\BOOKMARK [0][-]{part.4}{\376\377\000I\000V\000\040\000D\000i\000s\000c\000o\000v\000e\000r\000y\000\040\000A\000l\000g\000o\000r\000i\000t\000h\000m}{}% 21
\BOOKMARK [1][-]{section.14}{\376\377\000S\000c\000o\000p\000e}{part.4}% 22
\BOOKMARK [1][-]{section.15}{\376\377\000F\000o\000u\000r\000-\000S\000t\000a\000g\000e\000\040\000P\000i\000p\000e\000l\000i\000n\000e}{part.4}% 23
\BOOKMARK [1][-]{section.16}{\376\377\000R\000e\000q\000u\000i\000r\000e\000d\000\040\000D\000a\000t\000a\000b\000a\000s\000e\000s}{part.4}% 24
\BOOKMARK [0][-]{part.5}{\376\377\000V\000\040\000V\000a\000l\000i\000d\000a\000t\000e\000d\000\040\000A\000p\000p\000l\000i\000c\000a\000t\000i\000o\000n\000s}{}% 25
\BOOKMARK [1][-]{section.17}{\376\377\000A\000p\000p\000l\000i\000c\000a\000t\000i\000o\000n\000\040\0001\000:\000\040\000R\000o\000o\000m\000-\000T\000e\000m\000p\000e\000r\000a\000t\000u\000r\000e\000\040\000S\000u\000p\000e\000r\000c\000o\000n\000d\000u\000c\000t\000i\000v\000i\000t\000y}{part.5}% 26
\BOOKMARK [2][-]{subsection.17.1}{\376\377\000I\000n\000p\000u\000t}{section.17}% 27
\BOOKMARK [2][-]{subsection.17.2}{\376\377\000F\000o\000r\000c\000i\000n\000g\000\040\000C\000h\000a\000i\000n}{section.17}% 28
\BOOKMARK [2][-]{subsection.17.3}{\376\377\000O\000u\000t\000p\000u\000t}{section.17}% 29
\BOOKMARK [1][-]{section.18}{\376\377\000A\000p\000p\000l\000i\000c\000a\000t\000i\000o\000n\000\040\0002\000:\000\040\000N\000a\000n\000o\000s\000c\000a\000l\000e\000\040\000H\000e\000a\000t\000\040\000T\000r\000a\000n\000s\000f\000e\000r\000\040\000M\000e\000t\000a\000m\000a\000t\000e\000r\000i\000a\000l\000s}{part.5}% 30
\BOOKMARK [2][-]{subsection.18.1}{\376\377\000I\000n\000p\000u\000t}{section.18}% 31
\BOOKMARK [2][-]{subsection.18.2}{\376\377\000F\000o\000r\000c\000i\000n\000g\000\040\000C\000h\000a\000i\000n}{section.18}% 32
\BOOKMARK [2][-]{subsection.18.3}{\376\377\000O\000u\000t\000p\000u\000t}{section.18}% 33
\BOOKMARK [1][-]{section.19}{\376\377\000A\000p\000p\000l\000i\000c\000a\000t\000i\000o\000n\000\040\0003\000:\000\040\000N\000a\000n\000o\000p\000a\000r\000t\000i\000c\000l\000e\000\040\000P\000r\000o\000p\000e\000r\000t\000y\000\040\000P\000r\000e\000d\000i\000c\000t\000i\000o\000n}{part.5}% 34
\BOOKMARK [2][-]{subsection.19.1}{\376\377\000M\000e\000t\000h\000o\000d}{section.19}% 35
\BOOKMARK [2][-]{subsection.19.2}{\376\377\000R\000e\000s\000u\000l\000t\000s}{section.19}% 36
\BOOKMARK [1][-]{section.20}{\376\377\000A\000p\000p\000l\000i\000c\000a\000t\000i\000o\000n\000\040\0004\000:\000\040\000P\000h\000a\000s\000e\000\040\000T\000r\000a\000n\000s\000i\000t\000i\000o\000n\000\040\000D\000e\000t\000e\000c\000t\000i\000o\000n}{part.5}% 37
\BOOKMARK [2][-]{subsection.20.1}{\376\377\000M\000e\000t\000h\000o\000d}{section.20}% 38
\BOOKMARK [2][-]{subsection.20.2}{\376\377\000R\000e\000s\000u\000l\000t\000s}{section.20}% 39
\BOOKMARK [0][-]{part.6}{\376\377\000V\000I\000\040\000M\000a\000t\000h\000e\000m\000a\000t\000i\000c\000a\000l\000\040\000N\000o\000t\000a\000t\000i\000o\000n\000\040\000a\000n\000d\000\040\000G\000l\000o\000s\000s\000a\000r\000y}{}% 40
\BOOKMARK [1][-]{section.21}{\376\377\000S\000y\000m\000b\000o\000l\000s\000\040\000U\000s\000e\000d}{part.6}% 41
\BOOKMARK [1][-]{section.22}{\376\377\000A\000c\000r\000o\000n\000y\000m\000s}{part.6}% 42
\BOOKMARK [0][-]{part.7}{\376\377\000V\000I\000I\000\040\000D\000o\000c\000u\000m\000e\000n\000t\000\040\000C\000o\000n\000t\000r\000o\000l}{}% 43
\BOOKMARK [1][-]{section.23}{\376\377\000V\000e\000r\000s\000i\000o\000n\000\040\000H\000i\000s\000t\000o\000r\000y}{part.7}% 44
\BOOKMARK [1][-]{section.24}{\376\377\000S\000o\000u\000r\000c\000e\000\040\000D\000o\000c\000u\000m\000e\000n\000t\000s}{part.7}% 45
\BOOKMARK [1][-]{section.25}{\376\377\000I\000n\000t\000e\000l\000l\000e\000c\000t\000u\000a\000l\000\040\000P\000r\000o\000p\000e\000r\000t\000y}{part.7}% 46
