\BOOKMARK [0][-]{chapter.1}{\376\377\000S\000y\000s\000t\000e\000m\000\040\000O\000v\000e\000r\000v\000i\000e\000w}{}% 1
\BOOKMARK [1][-]{section.1.1}{\376\377\000A\000r\000c\000h\000i\000t\000e\000c\000t\000u\000r\000e\000\040\000S\000u\000m\000m\000a\000r\000y}{chapter.1}% 2
\BOOKMARK [2][-]{subsection.1.1.1}{\376\377\000C\000o\000r\000e\000\040\000A\000r\000c\000h\000i\000t\000e\000c\000t\000u\000r\000e}{section.1.1}% 3
\BOOKMARK [2][-]{subsection.1.1.2}{\376\377\000W\000h\000y\000\040\000T\000h\000i\000s\000\040\000W\000o\000r\000k\000s}{section.1.1}% 4
\BOOKMARK [2][-]{subsection.1.1.3}{\376\377\000K\000e\000y\000\040\000S\000p\000e\000c\000i\000f\000i\000c\000a\000t\000i\000o\000n\000s}{section.1.1}% 5
\BOOKMARK [2][-]{subsection.1.1.4}{\376\377\000C\000o\000n\000c\000e\000p\000t\000u\000a\000l\000\040\000D\000i\000a\000g\000r\000a\000m\000:\000\040\000W\000h\000a\000t\000\040\000T\000h\000i\000s\000\040\000M\000a\000c\000h\000i\000n\000e\000\040\000I\000s}{section.1.1}% 6
\BOOKMARK [2][-]{subsection.1.1.5}{\376\377\000P\000h\000y\000s\000i\000c\000a\000l\000\040\000F\000o\000o\000t\000p\000r\000i\000n\000t\000\040\000a\000n\000d\000\040\000P\000o\000w\000e\000r\000\040\000R\000e\000q\000u\000i\000r\000e\000m\000e\000n\000t\000s}{section.1.1}% 7
\BOOKMARK [2][-]{subsection.1.1.6}{\376\377\000N\000o\000n\000-\000v\000o\000n\000\040\000N\000e\000u\000m\000a\000n\000n\000\040\000C\000o\000m\000p\000u\000t\000a\000t\000i\000o\000n}{section.1.1}% 8
\BOOKMARK [0][-]{chapter.2}{\376\377\000E\000m\000p\000i\000r\000i\000c\000a\000l\000\040\000B\000a\000s\000i\000s\000:\000\040\000G\000e\000o\000m\000e\000t\000r\000y\000-\000D\000e\000p\000e\000n\000d\000e\000n\000t\000\040\000Q\000u\000a\000n\000t\000u\000m\000\040\000C\000o\000u\000p\000l\000i\000n\000g}{}% 9
\BOOKMARK [1][-]{section.2.1}{\376\377\000O\000b\000s\000e\000r\000v\000a\000t\000i\000o\000n\000\040\0001\000:\000\040\000C\000o\000o\000p\000e\000r\000\040\000P\000a\000i\000r\000\040\000M\000a\000s\000s\000\040\000D\000e\000p\000e\000n\000d\000s\000\040\000o\000n\000\040\000G\000e\000o\000m\000e\000t\000r\000y}{chapter.2}% 10
\BOOKMARK [2][-]{subsection.2.1.1}{\376\377\000R\000i\000n\000g\000\040\000G\000e\000o\000m\000e\000t\000r\000y\000:\000\040\000T\000a\000t\000e\000\040\000e\000t\000\040\000a\000l\000.\000\040\000\050\0001\0009\0008\0009\000\051}{section.2.1}% 11
\BOOKMARK [2][-]{subsection.2.1.2}{\376\377\000S\000p\000h\000e\000r\000e\000\040\000G\000e\000o\000m\000e\000t\000r\000y\000:\000\040\000H\000o\000a\000n\000g\000\040\000e\000t\000\040\000a\000l\000.\000\040\000\050\0002\0000\0002\0000\000\051}{section.2.1}% 12
\BOOKMARK [2][-]{subsection.2.1.3}{\376\377\000K\000e\000y\000\040\000O\000b\000s\000e\000r\000v\000a\000t\000i\000o\000n}{section.2.1}% 13
\BOOKMARK [1][-]{section.2.2}{\376\377\000O\000b\000s\000e\000r\000v\000a\000t\000i\000o\000n\000\040\0002\000:\000\040\000P\000u\000l\000s\000a\000r\000\040\000G\000l\000i\000t\000c\000h\000\040\000S\000i\000z\000e\000\040\000D\000e\000p\000e\000n\000d\000s\000\040\000o\000n\000\040\000G\000e\000o\000m\000e\000t\000r\000y}{chapter.2}% 14
\BOOKMARK [1][-]{section.2.3}{\376\377\000O\000b\000s\000e\000r\000v\000a\000t\000i\000o\000n\000\040\0003\000:\000\040\0002\0004\000\040\000S\000u\000p\000e\000r\000c\000o\000n\000d\000u\000c\000t\000i\000n\000g\000\040\000M\000a\000t\000e\000r\000i\000a\000l\000s}{chapter.2}% 15
\BOOKMARK [1][-]{section.2.4}{\376\377\000D\000e\000s\000i\000g\000n\000\040\000C\000o\000n\000s\000e\000q\000u\000e\000n\000c\000e}{chapter.2}% 16
\BOOKMARK [0][-]{chapter.3}{\376\377\000N\000V\000\040\000C\000e\000n\000t\000e\000r\000\040\000A\000r\000r\000a\000y\000\040\000D\000e\000s\000i\000g\000n}{}% 17
\BOOKMARK [1][-]{section.3.1}{\376\377\000D\000i\000a\000m\000o\000n\000d\000\040\000S\000u\000b\000s\000t\000r\000a\000t\000e}{chapter.3}% 18
\BOOKMARK [1][-]{section.3.2}{\376\377\000N\000V\000\040\000E\000n\000s\000e\000m\000b\000l\000e\000\040\000P\000a\000r\000a\000m\000e\000t\000e\000r\000s}{chapter.3}% 19
\BOOKMARK [1][-]{section.3.3}{\376\377\000A\000r\000r\000a\000y\000\040\000C\000o\000u\000p\000l\000i\000n\000g\000\040\000A\000r\000c\000h\000i\000t\000e\000c\000t\000u\000r\000e}{chapter.3}% 20
\BOOKMARK [1][-]{section.3.4}{\376\377\000N\000o\000n\000-\000v\000o\000n\000\040\000N\000e\000u\000m\000a\000n\000n\000\040\000C\000o\000m\000p\000u\000t\000a\000t\000i\000o\000n\000\040\000M\000o\000d\000e\000l}{chapter.3}% 21
\BOOKMARK [0][-]{chapter.4}{\376\377\000N\000V\000\040\000C\000e\000n\000t\000e\000r\000\040\000F\000a\000b\000r\000i\000c\000a\000t\000i\000o\000n\000\040\000a\000n\000d\000\040\000C\000h\000a\000r\000a\000c\000t\000e\000r\000i\000z\000a\000t\000i\000o\000n}{}% 22
\BOOKMARK [1][-]{section.4.1}{\376\377\000O\000v\000e\000r\000v\000i\000e\000w\000\040\000o\000f\000\040\000N\000V\000\040\000C\000e\000n\000t\000e\000r\000\040\000C\000r\000e\000a\000t\000i\000o\000n}{chapter.4}% 23
\BOOKMARK [1][-]{section.4.2}{\376\377\000S\000t\000a\000r\000t\000i\000n\000g\000\040\000M\000a\000t\000e\000r\000i\000a\000l}{chapter.4}% 24
\BOOKMARK [1][-]{section.4.3}{\376\377\000I\000o\000n\000\040\000I\000m\000p\000l\000a\000n\000t\000a\000t\000i\000o\000n\000\040\000P\000a\000r\000a\000m\000e\000t\000e\000r\000s}{chapter.4}% 25
\BOOKMARK [1][-]{section.4.4}{\376\377\000R\000i\000n\000g\000\040\000G\000e\000o\000m\000e\000t\000r\000y\000\040\000P\000a\000t\000t\000e\000r\000n\000i\000n\000g}{chapter.4}% 26
\BOOKMARK [2][-]{subsection.4.4.1}{\376\377\000O\000p\000t\000i\000o\000n\000\040\000A\000:\000\040\000M\000a\000s\000k\000e\000d\000\040\000I\000m\000p\000l\000a\000n\000t\000a\000t\000i\000o\000n\000\040\000\050\000S\000i\000m\000p\000l\000e\000s\000t\000\051}{section.4.4}% 27
\BOOKMARK [2][-]{subsection.4.4.2}{\376\377\000O\000p\000t\000i\000o\000n\000\040\000B\000:\000\040\000F\000o\000c\000u\000s\000e\000d\000\040\000I\000o\000n\000\040\000B\000e\000a\000m\000\040\000\050\000F\000I\000B\000\051\000\040\000D\000i\000r\000e\000c\000t\000\040\000W\000r\000i\000t\000e}{section.4.4}% 28
\BOOKMARK [2][-]{subsection.4.4.3}{\376\377\000O\000p\000t\000i\000o\000n\000\040\000C\000:\000\040\000N\000o\000\040\000P\000a\000t\000t\000e\000r\000n\000i\000n\000g\000\040\000\050\000U\000n\000i\000f\000o\000r\000m\000\040\000I\000m\000p\000l\000a\000n\000t\000a\000t\000i\000o\000n\000\051}{section.4.4}% 29
\BOOKMARK [1][-]{section.4.5}{\376\377\000A\000n\000n\000e\000a\000l\000i\000n\000g\000\040\000P\000r\000o\000t\000o\000c\000o\000l}{chapter.4}% 30
\BOOKMARK [1][-]{section.4.6}{\376\377\000N\000V\000\040\000C\000h\000a\000r\000a\000c\000t\000e\000r\000i\000z\000a\000t\000i\000o\000n\000\040\000\050\000P\000r\000e\000-\000S\000y\000s\000t\000e\000m\000\051}{chapter.4}% 31
\BOOKMARK [2][-]{subsection.4.6.1}{\376\377\000T\000e\000s\000t\000\040\0001\000:\000\040\000C\000o\000n\000f\000o\000c\000a\000l\000\040\000F\000l\000u\000o\000r\000e\000s\000c\000e\000n\000c\000e\000\040\000M\000i\000c\000r\000o\000s\000c\000o\000p\000y}{section.4.6}% 32
\BOOKMARK [2][-]{subsection.4.6.2}{\376\377\000T\000e\000s\000t\000\040\0002\000:\000\040\000O\000D\000M\000R\000\040\000\050\000O\000p\000t\000i\000c\000a\000l\000l\000y\000\040\000D\000e\000t\000e\000c\000t\000e\000d\000\040\000M\000a\000g\000n\000e\000t\000i\000c\000\040\000R\000e\000s\000o\000n\000a\000n\000c\000e\000\051}{section.4.6}% 33
\BOOKMARK [2][-]{subsection.4.6.3}{\376\377\000T\000e\000s\000t\000\040\0003\000:\000\040\000S\000i\000n\000g\000l\000e\000-\000N\000V\000\040\000R\000a\000b\000i\000\040\000O\000s\000c\000i\000l\000l\000a\000t\000i\000o\000n}{section.4.6}% 34
\BOOKMARK [1][-]{section.4.7}{\376\377\000B\000u\000y\000\040\000v\000s\000.\000\040\000M\000a\000k\000e\000\040\000D\000e\000c\000i\000s\000i\000o\000n}{chapter.4}% 35
\BOOKMARK [2][-]{subsection.4.7.1}{\376\377\000O\000p\000t\000i\000o\000n\000\040\0001\000:\000\040\000B\000u\000y\000\040\000P\000r\000e\000-\000C\000h\000a\000r\000a\000c\000t\000e\000r\000i\000z\000e\000d\000\040\000D\000i\000a\000m\000o\000n\000d\000\040\000\050\000\044\0005\000,\0000\0000\0000\040\023\0001\0000\000,\0000\0000\0000\000\051}{section.4.7}% 36
\BOOKMARK [2][-]{subsection.4.7.2}{\376\377\000O\000p\000t\000i\000o\000n\000\040\0002\000:\000\040\000B\000u\000y\000\040\000B\000a\000r\000e\000\040\000D\000i\000a\000m\000o\000n\000d\000\040\000+\000\040\000I\000m\000p\000l\000a\000n\000t\000\040\000Y\000o\000u\000r\000s\000e\000l\000f\000\040\000\050\000\044\0003\000,\0005\0000\0000\040\023\0005\000,\0000\0000\0000\000\051}{section.4.7}% 37
\BOOKMARK [2][-]{subsection.4.7.3}{\376\377\000O\000p\000t\000i\000o\000n\000\040\0003\000:\000\040\000B\000u\000y\000\040\000B\000a\000r\000e\000\040\000D\000i\000a\000m\000o\000n\000d\000\040\000+\000\040\000C\000o\000n\000t\000r\000a\000c\000t\000\040\000E\000v\000e\000r\000y\000t\000h\000i\000n\000g\000\040\000\050\000\044\0006\000,\0000\0000\0000\040\023\0008\000,\0000\0000\0000\000\051}{section.4.7}% 38
\BOOKMARK [1][-]{section.4.8}{\376\377\000H\000a\000n\000d\000l\000i\000n\000g\000\040\000a\000n\000d\000\040\000S\000t\000o\000r\000a\000g\000e}{chapter.4}% 39
\BOOKMARK [0][-]{chapter.5}{\376\377\000W\000e\000a\000k\000\040\000M\000e\000a\000s\000u\000r\000e\000m\000e\000n\000t\000\040\000A\000p\000p\000a\000r\000a\000t\000u\000s}{}% 40
\BOOKMARK [1][-]{section.5.1}{\376\377\000P\000r\000i\000n\000c\000i\000p\000l\000e\000\040\000o\000f\000\040\000O\000p\000e\000r\000a\000t\000i\000o\000n}{chapter.5}% 41
\BOOKMARK [1][-]{section.5.2}{\376\377\000O\000p\000t\000i\000c\000a\000l\000\040\000S\000u\000b\000s\000y\000s\000t\000e\000m}{chapter.5}% 42
\BOOKMARK [1][-]{section.5.3}{\376\377\000M\000a\000c\000h\000-\000Z\000e\000h\000n\000d\000e\000r\000\040\000I\000n\000t\000e\000r\000f\000e\000r\000o\000m\000e\000t\000e\000r}{chapter.5}% 43
\BOOKMARK [1][-]{section.5.4}{\376\377\000D\000e\000t\000e\000c\000t\000i\000o\000n\000\040\000S\000y\000s\000t\000e\000m}{chapter.5}% 44
\BOOKMARK [2][-]{subsection.5.4.1}{\376\377\000H\000o\000m\000o\000d\000y\000n\000e\000\040\000S\000i\000g\000n\000a\000l\000\040\000C\000h\000a\000i\000n}{section.5.4}% 45
\BOOKMARK [1][-]{section.5.5}{\376\377\000M\000i\000c\000r\000o\000w\000a\000v\000e\000\040\000S\000p\000i\000n\000\040\000C\000o\000n\000t\000r\000o\000l}{chapter.5}% 46
\BOOKMARK [0][-]{chapter.6}{\376\377\000F\000P\000G\000A\000\040\000R\000e\000a\000l\000-\000T\000i\000m\000e\000\040\000C\000o\000n\000t\000r\000o\000l}{}% 47
\BOOKMARK [1][-]{section.6.1}{\376\377\000P\000l\000a\000t\000f\000o\000r\000m}{chapter.6}% 48
\BOOKMARK [1][-]{section.6.2}{\376\377\000D\000i\000g\000i\000t\000a\000l\000\040\000S\000y\000s\000t\000e\000m\000\040\000C\000o\000m\000p\000o\000n\000e\000n\000t\000s}{chapter.6}% 49
\BOOKMARK [1][-]{section.6.3}{\376\377\000S\000t\000a\000t\000e\000\040\000M\000a\000c\000h\000i\000n\000e}{chapter.6}% 50
\BOOKMARK [1][-]{section.6.4}{\376\377\000K\000e\000y\000\040\000V\000e\000r\000i\000l\000o\000g\000\040\000P\000a\000r\000a\000m\000e\000t\000e\000r\000s}{chapter.6}% 51
\BOOKMARK [1][-]{section.6.5}{\376\377\000L\000o\000c\000k\000-\000i\000n\000\040\000D\000e\000m\000o\000d\000u\000l\000a\000t\000i\000o\000n\000\040\000\050\000F\000P\000G\000A\000\051}{chapter.6}% 52
\BOOKMARK [1][-]{section.6.6}{\376\377\000R\000e\000a\000l\000-\000T\000i\000m\000e\000\040\000C\000o\000n\000s\000t\000r\000a\000i\000n\000t\000s}{chapter.6}% 53
\BOOKMARK [0][-]{chapter.7}{\376\377\000M\000i\000c\000r\000o\000w\000a\000v\000e\000\040\000A\000n\000t\000e\000n\000n\000a\000\040\000P\000C\000B}{}% 54
\BOOKMARK [1][-]{section.7.1}{\376\377\000S\000u\000b\000s\000t\000r\000a\000t\000e\000\040\000a\000n\000d\000\040\000B\000o\000a\000r\000d\000\040\000P\000a\000r\000a\000m\000e\000t\000e\000r\000s}{chapter.7}% 55
\BOOKMARK [1][-]{section.7.2}{\376\377\000C\000o\000p\000l\000a\000n\000a\000r\000\040\000W\000a\000v\000e\000g\000u\000i\000d\000e\000\040\000\050\000C\000P\000W\000\051\000\040\000D\000e\000s\000i\000g\000n}{chapter.7}% 56
\BOOKMARK [1][-]{section.7.3}{\376\377\000A\000n\000t\000e\000n\000n\000a\000\040\000P\000a\000t\000c\000h}{chapter.7}% 57
\BOOKMARK [1][-]{section.7.4}{\376\377\000C\000o\000n\000n\000e\000c\000t\000o\000r\000s\000\040\000a\000n\000d\000\040\000M\000o\000u\000n\000t\000i\000n\000g}{chapter.7}% 58
\BOOKMARK [1][-]{section.7.5}{\376\377\000T\000e\000s\000t\000i\000n\000g\000\040\000R\000e\000q\000u\000i\000r\000e\000m\000e\000n\000t\000s}{chapter.7}% 59
\BOOKMARK [1][-]{section.7.6}{\376\377\000M\000a\000n\000u\000f\000a\000c\000t\000u\000r\000i\000n\000g}{chapter.7}% 60
\BOOKMARK [0][-]{chapter.8}{\376\377\000D\000i\000a\000m\000o\000n\000d\000\040\000H\000o\000l\000d\000e\000r\000\040\000M\000e\000c\000h\000a\000n\000i\000c\000a\000l\000\040\000A\000s\000s\000e\000m\000b\000l\000y}{}% 61
\BOOKMARK [1][-]{section.8.1}{\376\377\000M\000a\000t\000e\000r\000i\000a\000l\000\040\000S\000p\000e\000c\000i\000f\000i\000c\000a\000t\000i\000o\000n}{chapter.8}% 62
\BOOKMARK [1][-]{section.8.2}{\376\377\000P\000a\000r\000t\000\040\0001\000:\000\040\000B\000a\000s\000e\000\040\000F\000r\000a\000m\000e}{chapter.8}% 63
\BOOKMARK [1][-]{section.8.3}{\376\377\000P\000a\000r\000t\000\040\0002\000:\000\040\000S\000p\000a\000c\000e\000r\000\040\000R\000i\000n\000g}{chapter.8}% 64
\BOOKMARK [1][-]{section.8.4}{\376\377\000P\000a\000r\000t\000\040\0003\000:\000\040\000S\000o\000f\000t\000\040\000C\000l\000a\000m\000p}{chapter.8}% 65
\BOOKMARK [1][-]{section.8.5}{\376\377\000P\000a\000r\000t\000\040\0004\000:\000\040\000O\000p\000t\000i\000c\000a\000l\000\040\000W\000i\000n\000d\000o\000w}{chapter.8}% 66
\BOOKMARK [1][-]{section.8.6}{\376\377\000P\000a\000r\000t\000\040\0005\000:\000\040\000F\000o\000c\000u\000s\000i\000n\000g\000\040\000O\000p\000t\000i\000c\000s}{chapter.8}% 67
\BOOKMARK [1][-]{section.8.7}{\376\377\000P\000a\000r\000t\000\040\0006\000:\000\040\000A\000n\000t\000e\000n\000n\000a\000\040\000P\000C\000B\000\040\000I\000n\000t\000e\000g\000r\000a\000t\000i\000o\000n}{chapter.8}% 68
\BOOKMARK [1][-]{section.8.8}{\376\377\000P\000a\000r\000t\000\040\0007\000:\000\040\000T\000h\000e\000r\000m\000a\000l\000\040\000M\000a\000n\000a\000g\000e\000m\000e\000n\000t}{chapter.8}% 69
\BOOKMARK [1][-]{section.8.9}{\376\377\000A\000s\000s\000e\000m\000b\000l\000y\000\040\000S\000e\000q\000u\000e\000n\000c\000e}{chapter.8}% 70
\BOOKMARK [1][-]{section.8.10}{\376\377\000M\000e\000c\000h\000a\000n\000i\000c\000a\000l\000\040\000C\000o\000m\000p\000o\000n\000e\000n\000t\000s\000\040\000C\000o\000s\000t}{chapter.8}% 71
\BOOKMARK [0][-]{chapter.9}{\376\377\000C\000o\000m\000p\000l\000e\000t\000e\000\040\000B\000i\000l\000l\000\040\000o\000f\000\040\000M\000a\000t\000e\000r\000i\000a\000l\000s}{}% 72
\BOOKMARK [1][-]{section.9.1}{\376\377\000I\000t\000e\000m\000i\000z\000e\000d\000\040\000B\000O\000M}{chapter.9}% 73
\BOOKMARK [1][-]{section.9.2}{\376\377\000C\000o\000s\000t\000\040\000S\000u\000m\000m\000a\000r\000y}{chapter.9}% 74
\BOOKMARK [1][-]{section.9.3}{\376\377\000S\000u\000p\000p\000l\000i\000e\000r\000s\000\040\000a\000n\000d\000\040\000L\000e\000a\000d\000\040\000T\000i\000m\000e\000s}{chapter.9}% 75
\BOOKMARK [0][-]{chapter.10}{\376\377\000A\000s\000s\000e\000m\000b\000l\000y\000,\000\040\000C\000a\000l\000i\000b\000r\000a\000t\000i\000o\000n\000,\000\040\000a\000n\000d\000\040\000C\000h\000a\000r\000a\000c\000t\000e\000r\000i\000z\000a\000t\000i\000o\000n}{}% 76
\BOOKMARK [1][-]{section.10.1}{\376\377\000A\000s\000s\000e\000m\000b\000l\000y\000\040\000S\000t\000e\000p\000\040\0001\000:\000\040\000O\000p\000t\000i\000c\000a\000l\000\040\000P\000a\000t\000h\000\040\000\050\000W\000e\000e\000k\000\040\0001\000\051}{chapter.10}% 77
\BOOKMARK [1][-]{section.10.2}{\376\377\000A\000s\000s\000e\000m\000b\000l\000y\000\040\000S\000t\000e\000p\000\040\0002\000:\000\040\000E\000l\000e\000c\000t\000r\000o\000n\000i\000c\000s\000\040\000\050\000W\000e\000e\000k\000\040\0002\000\051}{chapter.10}% 78
\BOOKMARK [1][-]{section.10.3}{\376\377\000A\000s\000s\000e\000m\000b\000l\000y\000\040\000S\000t\000e\000p\000\040\0003\000:\000\040\000C\000a\000l\000i\000b\000r\000a\000t\000i\000o\000n\000\040\000\050\000W\000e\000e\000k\000\040\0003\000\051}{chapter.10}% 79
\BOOKMARK [1][-]{section.10.4}{\376\377\000N\000V\000\040\000C\000h\000a\000r\000a\000c\000t\000e\000r\000i\000z\000a\000t\000i\000o\000n\000\040\000P\000h\000a\000s\000e\000\040\0001\000\040\000\050\000D\000a\000y\000s\000\040\0001\040\023\0003\000\051}{chapter.10}% 80
\BOOKMARK [2][-]{subsection.10.4.1}{\376\377\000D\000a\000y\000\040\0001\000:\000\040\000R\000a\000b\000i\000\040\000O\000s\000c\000i\000l\000l\000a\000t\000i\000o\000n\000s}{section.10.4}% 81
\BOOKMARK [2][-]{subsection.10.4.2}{\376\377\000D\000a\000y\000\040\0002\000:\000\040\000T\0001\000\040\000R\000e\000l\000a\000x\000a\000t\000i\000o\000n}{section.10.4}% 82
\BOOKMARK [2][-]{subsection.10.4.3}{\376\377\000D\000a\000y\000\040\0003\000:\000\040\000T\0002\000\040\000C\000o\000h\000e\000r\000e\000n\000c\000e\000\040\000\050\000C\000R\000I\000T\000I\000C\000A\000L\000\051}{section.10.4}% 83
\BOOKMARK [1][-]{section.10.5}{\376\377\000N\000V\000\040\000C\000h\000a\000r\000a\000c\000t\000e\000r\000i\000z\000a\000t\000i\000o\000n\000\040\000P\000h\000a\000s\000e\000\040\0002\000\040\000\050\000D\000a\000y\000s\000\040\0004\040\023\0007\000\051}{chapter.10}% 84
\BOOKMARK [2][-]{subsection.10.5.1}{\376\377\000D\000a\000y\000\040\0004\000:\000\040\000N\000V\040\023\000N\000V\000\040\000C\000o\000u\000p\000l\000i\000n\000g\000\040\000S\000t\000r\000e\000n\000g\000t\000h}{section.10.5}% 85
\BOOKMARK [2][-]{subsection.10.5.2}{\376\377\000D\000a\000y\000\040\0005\000:\000\040\000B\000e\000l\000l\000\040\000S\000t\000a\000t\000e\000\040\000C\000r\000e\000a\000t\000i\000o\000n}{section.10.5}% 86
\BOOKMARK [2][-]{subsection.10.5.3}{\376\377\000D\000a\000y\000\040\0006\000:\000\040\000C\000H\000S\000H\000\040\000B\000e\000l\000l\000\040\000I\000n\000e\000q\000u\000a\000l\000i\000t\000y}{section.10.5}% 87
\BOOKMARK [2][-]{subsection.10.5.4}{\376\377\000D\000a\000y\000\040\0007\000:\000\040\000W\000e\000a\000k\000\040\000v\000s\000.\000\040\000S\000t\000r\000o\000n\000g\000\040\000M\000e\000a\000s\000u\000r\000e\000m\000e\000n\000t\000\040\000C\000o\000m\000p\000a\000r\000i\000s\000o\000n}{section.10.5}% 88
\BOOKMARK [1][-]{section.10.6}{\376\377\000N\000V\000\040\000C\000h\000a\000r\000a\000c\000t\000e\000r\000i\000z\000a\000t\000i\000o\000n\000\040\000P\000h\000a\000s\000e\000\040\0003\000\040\000\050\000D\000a\000y\000s\000\040\0008\040\023\0001\0004\000\051}{chapter.10}% 89
\BOOKMARK [2][-]{subsection.10.6.1}{\376\377\000D\000a\000y\000s\000\040\0008\040\023\0009\000:\000\040\0001\0000\0000\000-\000Q\000u\000b\000i\000t\000\040\000C\000o\000u\000p\000l\000i\000n\000g\000\040\000N\000e\000t\000w\000o\000r\000k}{section.10.6}% 90
\BOOKMARK [2][-]{subsection.10.6.2}{\376\377\000D\000a\000y\000s\000\040\0001\0000\040\023\0001\0001\000:\000\040\000M\000a\000n\000y\000-\000B\000o\000d\000y\000\040\000E\000n\000t\000a\000n\000g\000l\000e\000m\000e\000n\000t}{section.10.6}% 91
\BOOKMARK [2][-]{subsection.10.6.3}{\376\377\000D\000a\000y\000s\000\040\0001\0002\040\023\0001\0003\000:\000\040\000B\000e\000n\000c\000h\000m\000a\000r\000k\000\040\000P\000r\000o\000b\000l\000e\000m}{section.10.6}% 92
\BOOKMARK [2][-]{subsection.10.6.4}{\376\377\000D\000a\000y\000\040\0001\0004\000:\000\040\000R\000e\000p\000o\000r\000t\000\040\000a\000n\000d\000\040\000D\000e\000c\000i\000s\000i\000o\000n}{section.10.6}% 93
\BOOKMARK [1][-]{section.10.7}{\376\377\000C\000r\000i\000t\000i\000c\000a\000l\000\040\000A\000s\000s\000e\000m\000b\000l\000y\000\040\000N\000o\000t\000e\000s}{chapter.10}% 94
\BOOKMARK [0][-]{chapter.11}{\376\377\000S\000u\000c\000c\000e\000s\000s\000\040\000M\000e\000t\000r\000i\000c\000s\000,\000\040\000R\000i\000s\000k\000\040\000M\000i\000t\000i\000g\000a\000t\000i\000o\000n\000,\000\040\000a\000n\000d\000\040\000T\000r\000o\000u\000b\000l\000e\000s\000h\000o\000o\000t\000i\000n\000g}{}% 95
\BOOKMARK [1][-]{section.11.1}{\376\377\000S\000u\000c\000c\000e\000s\000s\000\040\000M\000e\000t\000r\000i\000c\000s\000:\000\040\000P\000h\000a\000s\000e\000\040\0001\000\040\040\024\000\040\000N\000V\000\040\000C\000h\000a\000r\000a\000c\000t\000e\000r\000i\000z\000a\000t\000i\000o\000n}{chapter.11}% 96
\BOOKMARK [1][-]{section.11.2}{\376\377\000S\000u\000c\000c\000e\000s\000s\000\040\000M\000e\000t\000r\000i\000c\000s\000:\000\040\000P\000h\000a\000s\000e\000\040\0002\000\040\040\024\000\040\000G\000e\000o\000m\000e\000t\000r\000y\000\040\000C\000o\000u\000p\000l\000i\000n\000g}{chapter.11}% 97
\BOOKMARK [1][-]{section.11.3}{\376\377\000S\000u\000c\000c\000e\000s\000s\000\040\000M\000e\000t\000r\000i\000c\000s\000:\000\040\000P\000h\000a\000s\000e\000\040\0003\000\040\040\024\000\040\000E\000n\000t\000a\000n\000g\000l\000e\000m\000e\000n\000t}{chapter.11}% 98
\BOOKMARK [1][-]{section.11.4}{\376\377\000P\000e\000r\000f\000o\000r\000m\000a\000n\000c\000e\000\040\000T\000a\000r\000g\000e\000t\000s}{chapter.11}% 99
\BOOKMARK [1][-]{section.11.5}{\376\377\000R\000i\000s\000k\000\040\000R\000e\000g\000i\000s\000t\000e\000r}{chapter.11}% 100
\BOOKMARK [2][-]{subsection.11.5.1}{\376\377\000R\000i\000s\000k\000\040\0001\000:\000\040\000L\000a\000s\000e\000r\000\040\000C\000o\000u\000p\000l\000i\000n\000g\000\040\000L\000o\000s\000s}{section.11.5}% 101
\BOOKMARK [2][-]{subsection.11.5.2}{\376\377\000R\000i\000s\000k\000\040\0002\000:\000\040\000N\000V\000\040\000T\0002\000\040\000D\000e\000g\000r\000a\000d\000a\000t\000i\000o\000n}{section.11.5}% 102
\BOOKMARK [2][-]{subsection.11.5.3}{\376\377\000R\000i\000s\000k\000\040\0003\000:\000\040\000M\000i\000c\000r\000o\000w\000a\000v\000e\000\040\000P\000o\000w\000e\000r\000\040\000I\000n\000s\000u\000f\000f\000i\000c\000i\000e\000n\000t}{section.11.5}% 103
\BOOKMARK [2][-]{subsection.11.5.4}{\376\377\000R\000i\000s\000k\000\040\0004\000:\000\040\000G\000e\000o\000m\000e\000t\000r\000y\000\040\000C\000o\000u\000p\000l\000i\000n\000g\000\040\000P\000r\000e\000d\000i\000c\000t\000i\000o\000n\000\040\000F\000a\000i\000l\000s}{section.11.5}% 104
\BOOKMARK [2][-]{subsection.11.5.5}{\376\377\000R\000i\000s\000k\000\040\0005\000:\000\040\000P\000r\000o\000c\000u\000r\000e\000m\000e\000n\000t\000\040\000D\000e\000l\000a\000y\000s}{section.11.5}% 105
\BOOKMARK [2][-]{subsection.11.5.6}{\376\377\000R\000i\000s\000k\000\040\0006\000:\000\040\000F\000P\000G\000A\000\040\000I\000n\000t\000e\000g\000r\000a\000t\000i\000o\000n}{section.11.5}% 106
\BOOKMARK [1][-]{section.11.6}{\376\377\000T\000r\000o\000u\000b\000l\000e\000s\000h\000o\000o\000t\000i\000n\000g\000\040\000G\000u\000i\000d\000e}{chapter.11}% 107
\BOOKMARK [0][-]{chapter.12}{\376\377\000L\000a\000b\000o\000r\000a\000t\000o\000r\000y\000\040\000E\000n\000v\000i\000r\000o\000n\000m\000e\000n\000t\000\040\000a\000n\000d\000\040\000S\000a\000f\000e\000t\000y}{}% 108
\BOOKMARK [1][-]{section.12.1}{\376\377\000E\000n\000v\000i\000r\000o\000n\000m\000e\000n\000t\000a\000l\000\040\000R\000e\000q\000u\000i\000r\000e\000m\000e\000n\000t\000s}{chapter.12}% 109
\BOOKMARK [2][-]{subsection.12.1.1}{\376\377\000T\000e\000m\000p\000e\000r\000a\000t\000u\000r\000e\000\040\000a\000n\000d\000\040\000H\000u\000m\000i\000d\000i\000t\000y}{section.12.1}% 110
\BOOKMARK [2][-]{subsection.12.1.2}{\376\377\000C\000l\000e\000a\000n\000r\000o\000o\000m\000\040\000R\000e\000q\000u\000i\000r\000e\000m\000e\000n\000t\000s}{section.12.1}% 111
\BOOKMARK [2][-]{subsection.12.1.3}{\376\377\000V\000i\000b\000r\000a\000t\000i\000o\000n}{section.12.1}% 112
\BOOKMARK [2][-]{subsection.12.1.4}{\376\377\000E\000l\000e\000c\000t\000r\000o\000m\000a\000g\000n\000e\000t\000i\000c\000\040\000I\000n\000t\000e\000r\000f\000e\000r\000e\000n\000c\000e}{section.12.1}% 113
\BOOKMARK [2][-]{subsection.12.1.5}{\376\377\000M\000a\000g\000n\000e\000t\000i\000c\000\040\000F\000i\000e\000l\000d}{section.12.1}% 114
\BOOKMARK [2][-]{subsection.12.1.6}{\376\377\000L\000i\000g\000h\000t\000i\000n\000g}{section.12.1}% 115
\BOOKMARK [2][-]{subsection.12.1.7}{\376\377\000A\000c\000o\000u\000s\000t\000i\000c\000\040\000a\000n\000d\000\040\000A\000i\000r}{section.12.1}% 116
\BOOKMARK [2][-]{subsection.12.1.8}{\376\377\000R\000o\000o\000m\000\040\000S\000p\000e\000c\000i\000f\000i\000c\000a\000t\000i\000o\000n\000s}{section.12.1}% 117
\BOOKMARK [1][-]{section.12.2}{\376\377\000L\000a\000s\000e\000r\000\040\000S\000a\000f\000e\000t\000y}{chapter.12}% 118
\BOOKMARK [2][-]{subsection.12.2.1}{\376\377\000R\000e\000q\000u\000i\000r\000e\000d\000\040\000P\000e\000r\000s\000o\000n\000a\000l\000\040\000P\000r\000o\000t\000e\000c\000t\000i\000v\000e\000\040\000E\000q\000u\000i\000p\000m\000e\000n\000t}{section.12.2}% 119
\BOOKMARK [2][-]{subsection.12.2.2}{\376\377\000E\000n\000g\000i\000n\000e\000e\000r\000i\000n\000g\000\040\000C\000o\000n\000t\000r\000o\000l\000s}{section.12.2}% 120
\BOOKMARK [2][-]{subsection.12.2.3}{\376\377\000A\000d\000m\000i\000n\000i\000s\000t\000r\000a\000t\000i\000v\000e\000\040\000C\000o\000n\000t\000r\000o\000l\000s}{section.12.2}% 121
\BOOKMARK [1][-]{section.12.3}{\376\377\000R\000F\000\040\000S\000a\000f\000e\000t\000y}{chapter.12}% 122
\BOOKMARK [1][-]{section.12.4}{\376\377\000E\000l\000e\000c\000t\000r\000i\000c\000a\000l\000\040\000S\000a\000f\000e\000t\000y}{chapter.12}% 123
\BOOKMARK [1][-]{section.12.5}{\376\377\000C\000h\000e\000m\000i\000c\000a\000l\000\040\000S\000a\000f\000e\000t\000y}{chapter.12}% 124
\BOOKMARK [1][-]{section.12.6}{\376\377\000E\000m\000e\000r\000g\000e\000n\000c\000y\000\040\000P\000r\000o\000c\000e\000d\000u\000r\000e\000s}{chapter.12}% 125
\BOOKMARK [1][-]{section.12.7}{\376\377\000D\000i\000a\000m\000o\000n\000d\000\040\000H\000a\000n\000d\000l\000i\000n\000g}{chapter.12}% 126
\BOOKMARK [0][-]{chapter.13}{\376\377\000T\000o\000o\000l\000s\000,\000\040\000E\000q\000u\000i\000p\000m\000e\000n\000t\000,\000\040\000a\000n\000d\000\040\000C\000o\000n\000s\000u\000m\000a\000b\000l\000e\000s}{}% 127
\BOOKMARK [1][-]{section.13.1}{\376\377\000A\000s\000s\000e\000m\000b\000l\000y\000\040\000T\000o\000o\000l\000s}{chapter.13}% 128
\BOOKMARK [1][-]{section.13.2}{\376\377\000O\000p\000t\000i\000c\000a\000l\000\040\000T\000o\000o\000l\000s}{chapter.13}% 129
\BOOKMARK [1][-]{section.13.3}{\376\377\000T\000e\000s\000t\000\040\000E\000q\000u\000i\000p\000m\000e\000n\000t\000\040\000\050\000B\000o\000r\000r\000o\000w\000\040\000o\000r\000\040\000R\000e\000n\000t\000\051}{chapter.13}% 130
\BOOKMARK [1][-]{section.13.4}{\376\377\000C\000a\000b\000l\000e\000s\000\040\000a\000n\000d\000\040\000A\000d\000a\000p\000t\000e\000r\000s}{chapter.13}% 131
\BOOKMARK [1][-]{section.13.5}{\376\377\000C\000o\000n\000s\000u\000m\000a\000b\000l\000e\000s}{chapter.13}% 132
\BOOKMARK [1][-]{section.13.6}{\376\377\000S\000a\000f\000e\000t\000y\000\040\000E\000q\000u\000i\000p\000m\000e\000n\000t}{chapter.13}% 133
\BOOKMARK [1][-]{section.13.7}{\376\377\000T\000o\000o\000l\000s\000\040\000B\000u\000d\000g\000e\000t\000\040\000S\000u\000m\000m\000a\000r\000y}{chapter.13}% 134
\BOOKMARK [0][-]{chapter.14}{\376\377\000H\000o\000s\000t\000\040\000C\000o\000m\000p\000u\000t\000e\000r\000\040\000a\000n\000d\000\040\000P\000e\000r\000i\000p\000h\000e\000r\000a\000l\000s}{}% 135
\BOOKMARK [1][-]{section.14.1}{\376\377\000H\000o\000s\000t\000\040\000P\000C\000\040\000S\000p\000e\000c\000i\000f\000i\000c\000a\000t\000i\000o\000n}{chapter.14}% 136
\BOOKMARK [1][-]{section.14.2}{\376\377\000P\000e\000r\000i\000p\000h\000e\000r\000a\000l\000s}{chapter.14}% 137
\BOOKMARK [1][-]{section.14.3}{\376\377\000S\000o\000f\000t\000w\000a\000r\000e\000\040\000I\000n\000s\000t\000a\000l\000l\000a\000t\000i\000o\000n}{chapter.14}% 138
\BOOKMARK [2][-]{subsection.14.3.1}{\376\377\000S\000t\000e\000p\000\040\0001\000:\000\040\000I\000n\000s\000t\000a\000l\000l\000\040\000U\000b\000u\000n\000t\000u\000\040\0002\0002\000.\0000\0004\000\040\000L\000T\000S}{section.14.3}% 139
\BOOKMARK [2][-]{subsection.14.3.2}{\376\377\000S\000t\000e\000p\000\040\0002\000:\000\040\000I\000n\000s\000t\000a\000l\000l\000\040\000X\000i\000l\000i\000n\000x\000\040\000V\000i\000v\000a\000d\000o\000\040\0002\0000\0002\0003\000.\0002}{section.14.3}% 140
\BOOKMARK [2][-]{subsection.14.3.3}{\376\377\000S\000t\000e\000p\000\040\0003\000:\000\040\000I\000n\000s\000t\000a\000l\000l\000\040\000P\000y\000t\000h\000o\000n\000\040\000E\000n\000v\000i\000r\000o\000n\000m\000e\000n\000t}{section.14.3}% 141
\BOOKMARK [2][-]{subsection.14.3.4}{\376\377\000S\000t\000e\000p\000\040\0004\000:\000\040\000I\000n\000s\000t\000a\000l\000l\000\040\000N\000I\000-\000V\000I\000S\000A\000\040\000R\000u\000n\000t\000i\000m\000e}{section.14.3}% 142
\BOOKMARK [2][-]{subsection.14.3.5}{\376\377\000S\000t\000e\000p\000\040\0005\000:\000\040\000I\000n\000s\000t\000a\000l\000l\000\040\000F\000T\000D\000I\000\040\000D\000r\000i\000v\000e\000r\000s}{section.14.3}% 143
\BOOKMARK [2][-]{subsection.14.3.6}{\376\377\000S\000t\000e\000p\000\040\0006\000:\000\040\000V\000e\000r\000i\000f\000y\000\040\000I\000n\000s\000t\000a\000l\000l\000a\000t\000i\000o\000n\000s}{section.14.3}% 144
\BOOKMARK [1][-]{section.14.4}{\376\377\000N\000e\000t\000w\000o\000r\000k\000\040\000C\000o\000n\000f\000i\000g\000u\000r\000a\000t\000i\000o\000n}{chapter.14}% 145
\BOOKMARK [0][-]{chapter.15}{\376\377\000P\000o\000w\000e\000r\000\040\000D\000i\000s\000t\000r\000i\000b\000u\000t\000i\000o\000n\000\040\000a\000n\000d\000\040\000G\000r\000o\000u\000n\000d\000i\000n\000g}{}% 146
\BOOKMARK [1][-]{section.15.1}{\376\377\000T\000o\000t\000a\000l\000\040\000S\000y\000s\000t\000e\000m\000\040\000P\000o\000w\000e\000r\000\040\000B\000u\000d\000g\000e\000t}{chapter.15}% 147
\BOOKMARK [1][-]{section.15.2}{\376\377\000P\000o\000w\000e\000r\000\040\000D\000i\000s\000t\000r\000i\000b\000u\000t\000i\000o\000n}{chapter.15}% 148
\BOOKMARK [1][-]{section.15.3}{\376\377\000G\000r\000o\000u\000n\000d\000i\000n\000g\000\040\000S\000c\000h\000e\000m\000e}{chapter.15}% 149
\BOOKMARK [2][-]{subsection.15.3.1}{\376\377\000S\000t\000a\000r\000\040\000G\000r\000o\000u\000n\000d\000\040\000T\000o\000p\000o\000l\000o\000g\000y}{section.15.3}% 150
\BOOKMARK [2][-]{subsection.15.3.2}{\376\377\000G\000r\000o\000u\000n\000d\000i\000n\000g\000\040\000R\000u\000l\000e\000s}{section.15.3}% 151
\BOOKMARK [1][-]{section.15.4}{\376\377\000P\000o\000w\000e\000r\000-\000O\000n\000\040\000S\000e\000q\000u\000e\000n\000c\000e}{chapter.15}% 152
\BOOKMARK [1][-]{section.15.5}{\376\377\000V\000o\000l\000t\000a\000g\000e\000\040\000R\000a\000i\000l\000s\000\040\000f\000o\000r\000\040\000A\000n\000a\000l\000o\000g\000\040\000B\000o\000a\000r\000d}{chapter.15}% 153
\BOOKMARK [0][-]{chapter.16}{\376\377\000S\000y\000s\000t\000e\000m\000\040\000L\000a\000y\000o\000u\000t\000\040\000a\000n\000d\000\040\000E\000n\000c\000l\000o\000s\000u\000r\000e}{}% 154
\BOOKMARK [1][-]{section.16.1}{\376\377\000O\000p\000t\000i\000c\000a\000l\000\040\000T\000a\000b\000l\000e}{chapter.16}% 155
\BOOKMARK [1][-]{section.16.2}{\376\377\000P\000h\000y\000s\000i\000c\000a\000l\000\040\000L\000a\000y\000o\000u\000t}{chapter.16}% 156
\BOOKMARK [2][-]{subsection.16.2.1}{\376\377\000L\000e\000f\000t\000\040\000Q\000u\000a\000r\000t\000e\000r\000\040\000\050\0000\040\023\0005\0000\0000\000\040\000m\000m\000\051\000:\000\040\000L\000a\000s\000e\000r\000\040\000a\000n\000d\000\040\000F\000i\000b\000e\000r\000\040\000C\000o\000u\000p\000l\000i\000n\000g}{section.16.2}% 157
\BOOKMARK [2][-]{subsection.16.2.2}{\376\377\000C\000e\000n\000t\000e\000r\000-\000L\000e\000f\000t\000\040\000\050\0005\0000\0000\040\023\0001\0000\0000\0000\000\040\000m\000m\000\051\000:\000\040\000M\000a\000c\000h\000-\000Z\000e\000h\000n\000d\000e\000r\000\040\000I\000n\000t\000e\000r\000f\000e\000r\000o\000m\000e\000t\000e\000r}{section.16.2}% 158
\BOOKMARK [2][-]{subsection.16.2.3}{\376\377\000C\000e\000n\000t\000e\000r\000-\000R\000i\000g\000h\000t\000\040\000\050\0001\0000\0000\0000\040\023\0001\0005\0000\0000\000\040\000m\000m\000\051\000:\000\040\000D\000i\000a\000m\000o\000n\000d\000\040\000H\000o\000l\000d\000e\000r\000\040\000a\000n\000d\000\040\000M\000W}{section.16.2}% 159
\BOOKMARK [2][-]{subsection.16.2.4}{\376\377\000R\000i\000g\000h\000t\000\040\000Q\000u\000a\000r\000t\000e\000r\000\040\000\050\0001\0005\0000\0000\040\023\0002\0000\0000\0000\000\040\000m\000m\000\051\000:\000\040\000D\000e\000t\000e\000c\000t\000i\000o\000n}{section.16.2}% 160
\BOOKMARK [1][-]{section.16.3}{\376\377\000E\000l\000e\000c\000t\000r\000o\000n\000i\000c\000s\000\040\000R\000a\000c\000k}{chapter.16}% 161
\BOOKMARK [1][-]{section.16.4}{\376\377\000C\000a\000b\000l\000e\000\040\000R\000o\000u\000t\000i\000n\000g}{chapter.16}% 162
\BOOKMARK [1][-]{section.16.5}{\376\377\000L\000i\000g\000h\000t\000-\000T\000i\000g\000h\000t\000\040\000D\000e\000t\000e\000c\000t\000i\000o\000n\000\040\000E\000n\000c\000l\000o\000s\000u\000r\000e}{chapter.16}% 163
\BOOKMARK [0][-]{chapter.17}{\376\377\000A\000n\000a\000l\000o\000g\000\040\000D\000e\000t\000e\000c\000t\000i\000o\000n\000\040\000E\000l\000e\000c\000t\000r\000o\000n\000i\000c\000s}{}% 164
\BOOKMARK [1][-]{section.17.1}{\376\377\000B\000o\000a\000r\000d\000\040\000O\000p\000t\000i\000o\000n\000s}{chapter.17}% 165
\BOOKMARK [1][-]{section.17.2}{\376\377\000C\000u\000s\000t\000o\000m\000\040\000P\000C\000B\000\040\000S\000p\000e\000c\000i\000f\000i\000c\000a\000t\000i\000o\000n}{chapter.17}% 166
\BOOKMARK [1][-]{section.17.3}{\376\377\000C\000o\000n\000n\000e\000c\000t\000o\000r\000s}{chapter.17}% 167
\BOOKMARK [1][-]{section.17.4}{\376\377\000C\000i\000r\000c\000u\000i\000t\000\040\000D\000e\000s\000c\000r\000i\000p\000t\000i\000o\000n}{chapter.17}% 168
\BOOKMARK [2][-]{subsection.17.4.1}{\376\377\000U\0001\000:\000\040\000T\000r\000a\000n\000s\000i\000m\000p\000e\000d\000a\000n\000c\000e\000\040\000A\000m\000p\000l\000i\000f\000i\000e\000r\000\040\000f\000o\000r\000\040\000A\000P\000D\0001}{section.17.4}% 169
\BOOKMARK [2][-]{subsection.17.4.2}{\376\377\000U\0002\000:\000\040\000T\000r\000a\000n\000s\000i\000m\000p\000e\000d\000a\000n\000c\000e\000\040\000A\000m\000p\000l\000i\000f\000i\000e\000r\000\040\000f\000o\000r\000\040\000A\000P\000D\0002}{section.17.4}% 170
\BOOKMARK [2][-]{subsection.17.4.3}{\376\377\000C\0001\000,\000\040\000C\0002\000:\000\040\000A\000C\000\040\000C\000o\000u\000p\000l\000i\000n\000g}{section.17.4}% 171
\BOOKMARK [2][-]{subsection.17.4.4}{\376\377\000U\0003\000:\000\040\000D\000i\000f\000f\000e\000r\000e\000n\000c\000e\000\040\000A\000m\000p\000l\000i\000f\000i\000e\000r}{section.17.4}% 172
\BOOKMARK [2][-]{subsection.17.4.5}{\376\377\000B\000y\000p\000a\000s\000s\000\040\000C\000a\000p\000a\000c\000i\000t\000o\000r\000s}{section.17.4}% 173
\BOOKMARK [2][-]{subsection.17.4.6}{\376\377\000G\000r\000o\000u\000n\000d\000\040\000P\000l\000a\000n\000e}{section.17.4}% 174
\BOOKMARK [1][-]{section.17.5}{\376\377\000A\000s\000s\000e\000m\000b\000l\000y\000\040\000N\000o\000t\000e\000s}{chapter.17}% 175
\BOOKMARK [0][-]{chapter.18}{\376\377\000C\000o\000m\000p\000l\000e\000t\000e\000\040\000W\000i\000r\000i\000n\000g\000\040\000S\000c\000h\000e\000d\000u\000l\000e}{}% 176
\BOOKMARK [1][-]{section.18.1}{\376\377\000O\000p\000t\000i\000c\000a\000l\000\040\000C\000a\000b\000l\000e\000s}{chapter.18}% 177
\BOOKMARK [1][-]{section.18.2}{\376\377\000R\000F\000\040\000a\000n\000d\000\040\000A\000n\000a\000l\000o\000g\000\040\000C\000a\000b\000l\000e\000s}{chapter.18}% 178
\BOOKMARK [1][-]{section.18.3}{\376\377\000D\000i\000g\000i\000t\000a\000l\000\040\000C\000a\000b\000l\000e\000s}{chapter.18}% 179
\BOOKMARK [1][-]{section.18.4}{\376\377\000P\000o\000w\000e\000r\000\040\000C\000a\000b\000l\000e\000s}{chapter.18}% 180
\BOOKMARK [0][-]{chapter.19}{\376\377\000O\000p\000t\000i\000c\000a\000l\000\040\000A\000l\000i\000g\000n\000m\000e\000n\000t\000\040\000P\000r\000o\000c\000e\000d\000u\000r\000e\000s}{}% 181
\BOOKMARK [1][-]{section.19.1}{\376\377\000S\000t\000e\000p\000\040\0001\000:\000\040\000S\000e\000t\000\040\000B\000e\000a\000m\000\040\000H\000e\000i\000g\000h\000t\000\040\000R\000e\000f\000e\000r\000e\000n\000c\000e}{chapter.19}% 182
\BOOKMARK [1][-]{section.19.2}{\376\377\000S\000t\000e\000p\000\040\0002\000:\000\040\000L\000a\000s\000e\000r\000\040\000O\000u\000t\000p\000u\000t\000\040\000A\000l\000i\000g\000n\000m\000e\000n\000t}{chapter.19}% 183
\BOOKMARK [1][-]{section.19.3}{\376\377\000S\000t\000e\000p\000\040\0003\000:\000\040\000F\000i\000b\000e\000r\000\040\000C\000o\000u\000p\000l\000i\000n\000g}{chapter.19}% 184
\BOOKMARK [1][-]{section.19.4}{\376\377\000S\000t\000e\000p\000\040\0004\000:\000\040\000I\000s\000o\000l\000a\000t\000o\000r\000\040\000I\000n\000s\000e\000r\000t\000i\000o\000n}{chapter.19}% 185
\BOOKMARK [1][-]{section.19.5}{\376\377\000S\000t\000e\000p\000\040\0005\000:\000\040\000B\000e\000a\000m\000\040\000S\000p\000l\000i\000t\000t\000e\000r\000\040\000B\000S\0001\000\040\000A\000l\000i\000g\000n\000m\000e\000n\000t}{chapter.19}% 186
\BOOKMARK [1][-]{section.19.6}{\376\377\000S\000t\000e\000p\000\040\0006\000:\000\040\000P\000a\000t\000h\000\040\000L\000e\000n\000g\000t\000h\000\040\000M\000a\000t\000c\000h\000i\000n\000g}{chapter.19}% 187
\BOOKMARK [1][-]{section.19.7}{\376\377\000S\000t\000e\000p\000\040\0007\000:\000\040\000H\000o\000m\000o\000d\000y\000n\000e\000\040\000B\000a\000l\000a\000n\000c\000i\000n\000g}{chapter.19}% 188
\BOOKMARK [1][-]{section.19.8}{\376\377\000S\000t\000e\000p\000\040\0008\000:\000\040\000D\000i\000a\000m\000o\000n\000d\000\040\000F\000o\000c\000u\000s}{chapter.19}% 189
\BOOKMARK [1][-]{section.19.9}{\376\377\000S\000t\000e\000p\000\040\0009\000:\000\040\000M\000W\000\040\000A\000n\000t\000e\000n\000n\000a\000\040\000V\000e\000r\000i\000f\000i\000c\000a\000t\000i\000o\000n}{chapter.19}% 190
\BOOKMARK [0][-]{chapter.20}{\376\377\000F\000i\000r\000m\000w\000a\000r\000e\000\040\000B\000u\000i\000l\000d\000\040\000a\000n\000d\000\040\000D\000e\000p\000l\000o\000y\000m\000e\000n\000t}{}% 191
\BOOKMARK [1][-]{section.20.1}{\376\377\000V\000e\000r\000i\000l\000o\000g\000\040\000S\000o\000u\000r\000c\000e\000:\000\040\000W\000e\000a\000k\000\040\000M\000e\000a\000s\000u\000r\000e\000m\000e\000n\000t\000\040\000C\000o\000n\000t\000r\000o\000l\000l\000e\000r}{chapter.20}% 192
\BOOKMARK [1][-]{section.20.2}{\376\377\000V\000e\000r\000i\000l\000o\000g\000\040\000S\000o\000u\000r\000c\000e\000:\000\040\000T\000o\000p\000-\000L\000e\000v\000e\000l\000\040\000W\000r\000a\000p\000p\000e\000r}{chapter.20}% 193
\BOOKMARK [1][-]{section.20.3}{\376\377\000S\000t\000e\000p\000\040\0001\000:\000\040\000C\000r\000e\000a\000t\000e\000\040\000V\000i\000v\000a\000d\000o\000\040\000P\000r\000o\000j\000e\000c\000t}{chapter.20}% 194
\BOOKMARK [1][-]{section.20.4}{\376\377\000S\000t\000e\000p\000\040\0002\000:\000\040\000C\000r\000e\000a\000t\000e\000\040\000C\000o\000n\000s\000t\000r\000a\000i\000n\000t\000s\000\040\000F\000i\000l\000e}{chapter.20}% 195
\BOOKMARK [1][-]{section.20.5}{\376\377\000S\000t\000e\000p\000\040\0003\000:\000\040\000B\000l\000o\000c\000k\000\040\000D\000e\000s\000i\000g\000n}{chapter.20}% 196
\BOOKMARK [1][-]{section.20.6}{\376\377\000S\000t\000e\000p\000\040\0004\000:\000\040\000S\000y\000n\000t\000h\000e\000s\000i\000s\000\040\000a\000n\000d\000\040\000I\000m\000p\000l\000e\000m\000e\000n\000t\000a\000t\000i\000o\000n}{chapter.20}% 197
\BOOKMARK [1][-]{section.20.7}{\376\377\000S\000t\000e\000p\000\040\0005\000:\000\040\000G\000e\000n\000e\000r\000a\000t\000e\000\040\000B\000i\000t\000s\000t\000r\000e\000a\000m}{chapter.20}% 198
\BOOKMARK [1][-]{section.20.8}{\376\377\000S\000t\000e\000p\000\040\0006\000:\000\040\000L\000o\000a\000d\000\040\000o\000n\000t\000o\000\040\000Z\000e\000d\000b\000o\000a\000r\000d}{chapter.20}% 199
\BOOKMARK [1][-]{section.20.9}{\376\377\000S\000t\000e\000p\000\040\0007\000:\000\040\000T\000e\000s\000t\000\040\000W\000i\000t\000h\000o\000u\000t\000\040\000A\000n\000a\000l\000o\000g\000\040\000H\000a\000r\000d\000w\000a\000r\000e}{chapter.20}% 200
\BOOKMARK [0][-]{chapter.21}{\376\377\000H\000o\000s\000t\000\040\000C\000o\000n\000t\000r\000o\000l\000\040\000S\000o\000f\000t\000w\000a\000r\000e}{}% 201
\BOOKMARK [1][-]{section.21.1}{\376\377\000F\000P\000G\000A\000\040\000D\000e\000v\000i\000c\000e\000\040\000I\000n\000t\000e\000r\000f\000a\000c\000e}{chapter.21}% 202
\BOOKMARK [1][-]{section.21.2}{\376\377\000N\000V\000\040\000C\000h\000a\000r\000a\000c\000t\000e\000r\000i\000z\000e\000r}{chapter.21}% 203
\BOOKMARK [1][-]{section.21.3}{\376\377\000I\000n\000s\000t\000r\000u\000m\000e\000n\000t\000\040\000D\000r\000i\000v\000e\000r\000s}{chapter.21}% 204
\BOOKMARK [2][-]{subsection.21.3.1}{\376\377\000L\000o\000c\000k\000-\000I\000n\000\040\000A\000m\000p\000l\000i\000f\000i\000e\000r\000:\000\040\000S\000t\000a\000n\000f\000o\000r\000d\000\040\000S\000R\0008\0004\0004}{section.21.3}% 205
\BOOKMARK [2][-]{subsection.21.3.2}{\376\377\000M\000W\000\040\000S\000y\000n\000t\000h\000e\000s\000i\000z\000e\000r\000:\000\040\000R\000o\000h\000d\000e\000\040\000\046\000\040\000S\000c\000h\000w\000a\000r\000z\000\040\000S\000M\000B\0001\0000\0000\000A}{section.21.3}% 206
\BOOKMARK [2][-]{subsection.21.3.3}{\376\377\000F\000P\000G\000A\000\040\000C\000o\000m\000m\000u\000n\000i\000c\000a\000t\000i\000o\000n\000\040\000v\000i\000a\000\040\000E\000t\000h\000e\000r\000n\000e\000t}{section.21.3}% 207
\BOOKMARK [1][-]{section.21.4}{\376\377\000C\000o\000n\000f\000i\000g\000u\000r\000a\000t\000i\000o\000n\000\040\000F\000i\000l\000e}{chapter.21}% 208
\BOOKMARK [1][-]{section.21.5}{\376\377\000D\000a\000t\000a\000\040\000D\000i\000r\000e\000c\000t\000o\000r\000y\000\040\000S\000t\000r\000u\000c\000t\000u\000r\000e}{chapter.21}% 209
\BOOKMARK [1][-]{section.21.6}{\376\377\000R\000u\000n\000n\000i\000n\000g\000\040\000t\000h\000e\000\040\000S\000o\000f\000t\000w\000a\000r\000e}{chapter.21}% 210
\BOOKMARK [0][-]{chapter*.2}{\376\377\000A\000p\000p\000e\000n\000d\000i\000x\000:\000\040\000I\000P\000\040\000P\000r\000o\000t\000e\000c\000t\000i\000o\000n}{}% 211
