\BOOKMARK [1][-]{section.1}{\376\377\000I\000n\000t\000r\000o\000d\000u\000c\000t\000i\000o\000n}{}% 1
\BOOKMARK [2][-]{subsection.1.1}{\376\377\000T\000h\000e\000\040\000P\000r\000o\000b\000l\000e\000m}{section.1}% 2
\BOOKMARK [2][-]{subsection.1.2}{\376\377\000C\000o\000n\000t\000e\000x\000t\000:\000\040\000T\000h\000e\000\040\000S\000P\000P\000U\000\040\000P\000e\000r\000c\000e\000p\000t\000i\000o\000n\000\040\000F\000a\000b\000r\000i\000c}{section.1}% 3
\BOOKMARK [2][-]{subsection.1.3}{\376\377\000N\000a\000m\000i\000n\000g}{section.1}% 4
\BOOKMARK [1][-]{section.2}{\376\377\000A\000r\000c\000h\000i\000t\000e\000c\000t\000u\000r\000e}{}% 5
\BOOKMARK [2][-]{subsection.2.1}{\376\377\000M\000e\000m\000o\000r\000y\000\040\000S\000t\000r\000u\000c\000t\000u\000r\000e}{section.2}% 6
\BOOKMARK [2][-]{subsection.2.2}{\376\377\000F\000u\000n\000c\000t\000i\000o\000n\000a\000l\000\040\000B\000l\000o\000c\000k\000s}{section.2}% 7
\BOOKMARK [1][-]{section.3}{\376\377\000C\000o\000m\000m\000i\000t\000\040\000G\000a\000t\000i\000n\000g}{}% 8
\BOOKMARK [2][-]{subsection.3.1}{\376\377\000T\000h\000e\000\040\000P\000r\000o\000b\000l\000e\000m\000\040\000o\000f\000\040\000N\000o\000i\000s\000y\000\040\000C\000o\000m\000m\000i\000t\000s}{section.3}% 9
\BOOKMARK [2][-]{subsection.3.2}{\376\377\000C\000o\000m\000m\000i\000t\000\040\000E\000l\000i\000g\000i\000b\000i\000l\000i\000t\000y\000\040\000C\000r\000i\000t\000e\000r\000i\000a}{section.3}% 10
\BOOKMARK [2][-]{subsection.3.3}{\376\377\000F\000o\000r\000c\000e\000d\000\040\000C\000o\000m\000m\000i\000t\000\040\000\050\000S\000o\000f\000t\000w\000a\000r\000e\000\040\000C\000a\000p\000t\000u\000r\000e\000\051}{section.3}% 11
\BOOKMARK [2][-]{subsection.3.4}{\376\377\000F\000o\000r\000m\000a\000l\000\040\000S\000p\000e\000c\000i\000f\000i\000c\000a\000t\000i\000o\000n}{section.3}% 12
\BOOKMARK [1][-]{section.4}{\376\377\000R\000e\000c\000a\000l\000l\000:\000\040\000P\000a\000r\000a\000l\000l\000e\000l\000\040\000P\000a\000t\000t\000e\000r\000n\000\040\000M\000a\000t\000c\000h\000i\000n\000g}{}% 13
\BOOKMARK [2][-]{subsection.4.1}{\376\377\000S\000c\000o\000r\000i\000n\000g\000\040\000F\000u\000n\000c\000t\000i\000o\000n}{section.4}% 14
\BOOKMARK [2][-]{subsection.4.2}{\376\377\000T\000h\000e\000\040\000R\000o\000l\000e\000\040\000o\000f\000\040\000t\000h\000e\000\040\000N\000u\000l\000l\000\040\000T\000r\000i\000t}{section.4}% 15
\BOOKMARK [2][-]{subsection.4.3}{\376\377\000B\000e\000s\000t\000-\000M\000a\000t\000c\000h\000\040\000S\000e\000l\000e\000c\000t\000i\000o\000n}{section.4}% 16
\BOOKMARK [2][-]{subsection.4.4}{\376\377\000C\000o\000m\000b\000i\000n\000a\000t\000i\000o\000n\000a\000l\000\040\000I\000m\000p\000l\000e\000m\000e\000n\000t\000a\000t\000i\000o\000n}{section.4}% 17
\BOOKMARK [1][-]{section.5}{\376\377\000C\000l\000o\000c\000k\000l\000e\000s\000s\000\040\000H\000a\000b\000i\000t\000u\000a\000t\000i\000o\000n}{}% 18
\BOOKMARK [2][-]{subsection.5.1}{\376\377\000T\000h\000e\000\040\000C\000o\000r\000n\000e\000r\000-\000T\000r\000a\000p\000p\000i\000n\000g\000\040\000P\000r\000o\000b\000l\000e\000m}{section.5}% 19
\BOOKMARK [2][-]{subsection.5.2}{\376\377\000D\000e\000a\000d\000-\000Z\000o\000n\000e\000\040\000F\000e\000e\000d\000b\000a\000c\000k\000\040\000M\000e\000c\000h\000a\000n\000i\000s\000m}{section.5}% 20
\BOOKMARK [2][-]{subsection.5.3}{\376\377\000C\000o\000g\000n\000i\000t\000i\000v\000e\000\040\000C\000o\000n\000s\000e\000q\000u\000e\000n\000c\000e\000s}{section.5}% 21
\BOOKMARK [2][-]{subsection.5.4}{\376\377\000S\000t\000a\000b\000i\000l\000i\000t\000y\000\040\000A\000n\000a\000l\000y\000s\000i\000s}{section.5}% 22
\BOOKMARK [1][-]{section.6}{\376\377\000T\000S\000A\000C\000\040\000N\000a\000t\000i\000v\000e\000\040\000H\000a\000b\000i\000t\000u\000a\000t\000i\000o\000n\000\040\000\050\000F\000u\000t\000u\000r\000e\000\051}{}% 23
\BOOKMARK [2][-]{subsection.6.1}{\376\377\000M\000e\000c\000h\000a\000n\000i\000s\000m}{section.6}% 24
\BOOKMARK [2][-]{subsection.6.2}{\376\377\000T\000w\000o\000-\000L\000a\000y\000e\000r\000\040\000A\000r\000c\000h\000i\000t\000e\000c\000t\000u\000r\000e}{section.6}% 25
\BOOKMARK [1][-]{section.7}{\376\377\000G\000a\000t\000e\000\040\000C\000o\000u\000n\000t\000\040\000a\000n\000d\000\040\000P\000h\000y\000s\000i\000c\000a\000l\000\040\000I\000m\000p\000l\000e\000m\000e\000n\000t\000a\000t\000i\000o\000n}{}% 26
\BOOKMARK [2][-]{subsection.7.1}{\376\377\000C\000M\000O\000S\000\040\000G\000a\000t\000e\000\040\000C\000o\000u\000n\000t}{section.7}% 27
\BOOKMARK [2][-]{subsection.7.2}{\376\377\000S\000c\000a\000l\000i\000n\000g}{section.7}% 28
\BOOKMARK [2][-]{subsection.7.3}{\376\377\000P\000o\000w\000e\000r}{section.7}% 29
\BOOKMARK [1][-]{section.8}{\376\377\000C\000o\000m\000p\000a\000r\000i\000s\000o\000n\000\040\000w\000i\000t\000h\000\040\000P\000r\000i\000o\000r\000\040\000A\000r\000t}{}% 30
\BOOKMARK [2][-]{subsection.8.1}{\376\377\000T\000e\000r\000n\000a\000r\000y\000\040\000C\000o\000n\000t\000e\000n\000t\000-\000A\000d\000d\000r\000e\000s\000s\000a\000b\000l\000e\000\040\000M\000e\000m\000o\000r\000y\000\040\000\050\000T\000C\000A\000M\000\051}{section.8}% 31
\BOOKMARK [2][-]{subsection.8.2}{\376\377\000H\000o\000p\000f\000i\000e\000l\000d\000\040\000N\000e\000t\000w\000o\000r\000k\000s}{section.8}% 32
\BOOKMARK [2][-]{subsection.8.3}{\376\377\000M\000e\000m\000r\000i\000s\000t\000o\000r\000\040\000H\000a\000b\000i\000t\000u\000a\000t\000i\000o\000n\000\040\000\050\000N\000a\000t\000u\000r\000e\000\040\000C\000o\000m\000m\000u\000n\000i\000c\000a\000t\000i\000o\000n\000s\000,\000\040\0002\0000\0002\0005\000\051}{section.8}% 33
\BOOKMARK [2][-]{subsection.8.4}{\376\377\000S\000u\000m\000m\000a\000r\000y\000:\000\040\000W\000h\000a\000t\000\040\000K\000r\000i\000m\000e\000l\000a\000c\000k\000\040\000H\000a\000s\000\040\000T\000h\000a\000t\000\040\000N\000o\000b\000o\000d\000y\000\040\000E\000l\000s\000e\000\040\000H\000a\000s}{section.8}% 34
\BOOKMARK [1][-]{section.9}{\376\377\000V\000a\000l\000i\000d\000a\000t\000i\000o\000n}{}% 35
\BOOKMARK [2][-]{subsection.9.1}{\376\377\000F\000P\000G\000A\000\040\000I\000m\000p\000l\000e\000m\000e\000n\000t\000a\000t\000i\000o\000n}{section.9}% 36
\BOOKMARK [2][-]{subsection.9.2}{\376\377\000D\000e\000m\000o\000n\000s\000t\000r\000a\000t\000e\000d\000\040\000C\000a\000p\000a\000b\000i\000l\000i\000t\000i\000e\000s}{section.9}% 37
\BOOKMARK [2][-]{subsection.9.3}{\376\377\000V\000i\000s\000i\000o\000n\000\040\000R\000e\000s\000u\000l\000t\000s}{section.9}% 38
\BOOKMARK [1][-]{section.10}{\376\377\000A\000p\000p\000l\000i\000c\000a\000t\000i\000o\000n\000s}{}% 39
\BOOKMARK [2][-]{subsection.10.1}{\376\377\000I\000m\000m\000e\000d\000i\000a\000t\000e\000\040\000\050\000F\000P\000G\000A\000\051}{section.10}% 40
\BOOKMARK [2][-]{subsection.10.2}{\376\377\000N\000e\000a\000r\000-\000T\000e\000r\000m\000\040\000\050\000A\000S\000I\000C\000\051}{section.10}% 41
\BOOKMARK [2][-]{subsection.10.3}{\376\377\000L\000o\000n\000g\000-\000T\000e\000r\000m\000\040\000\050\000T\000S\000A\000C\000\051}{section.10}% 42
\BOOKMARK [1][-]{section.11}{\376\377\000C\000o\000n\000c\000l\000u\000s\000i\000o\000n}{}% 43
